Archive member included to satisfy reference by file (symbol)

/usr/lib/gcc/arm-none-eabi/13.2.1/../../../arm-none-eabi/lib/thumb/v7e-m+dp/hard/libc_nano.a(libc_a-init.o)
                              /usr/lib/gcc/arm-none-eabi/13.2.1/../../../arm-none-eabi/lib/thumb/v7e-m+dp/hard/crt0.o (__libc_init_array)
/usr/lib/gcc/arm-none-eabi/13.2.1/../../../arm-none-eabi/lib/thumb/v7e-m+dp/hard/libc_nano.a(libc_a-memset.o)
                              /usr/lib/gcc/arm-none-eabi/13.2.1/../../../arm-none-eabi/lib/thumb/v7e-m+dp/hard/crt0.o (memset)
/usr/lib/gcc/arm-none-eabi/13.2.1/../../../arm-none-eabi/lib/thumb/v7e-m+dp/hard/libc_nano.a(libc_a-errno.o)
                              build/sysmem.o (__errno)
/usr/lib/gcc/arm-none-eabi/13.2.1/../../../arm-none-eabi/lib/thumb/v7e-m+dp/hard/libc_nano.a(libc_a-exit.o)
                              /usr/lib/gcc/arm-none-eabi/13.2.1/../../../arm-none-eabi/lib/thumb/v7e-m+dp/hard/crt0.o (exit)
/usr/lib/gcc/arm-none-eabi/13.2.1/../../../arm-none-eabi/lib/thumb/v7e-m+dp/hard/libc_nano.a(libc_a-atexit.o)
                              /usr/lib/gcc/arm-none-eabi/13.2.1/../../../arm-none-eabi/lib/thumb/v7e-m+dp/hard/crt0.o (atexit)
/usr/lib/gcc/arm-none-eabi/13.2.1/../../../arm-none-eabi/lib/thumb/v7e-m+dp/hard/libc_nano.a(libc_a-snprintf.o)
                              build/main.o (snprintf)
/usr/lib/gcc/arm-none-eabi/13.2.1/../../../arm-none-eabi/lib/thumb/v7e-m+dp/hard/libc_nano.a(libc_a-fini.o)
                              /usr/lib/gcc/arm-none-eabi/13.2.1/../../../arm-none-eabi/lib/thumb/v7e-m+dp/hard/crt0.o (__libc_fini_array)
/usr/lib/gcc/arm-none-eabi/13.2.1/../../../arm-none-eabi/lib/thumb/v7e-m+dp/hard/libc_nano.a(libc_a-impure.o)
                              /usr/lib/gcc/arm-none-eabi/13.2.1/../../../arm-none-eabi/lib/thumb/v7e-m+dp/hard/libc_nano.a(libc_a-errno.o) (_impure_ptr)
/usr/lib/gcc/arm-none-eabi/13.2.1/../../../arm-none-eabi/lib/thumb/v7e-m+dp/hard/libc_nano.a(libc_a-nano-svfprintf.o)
                              /usr/lib/gcc/arm-none-eabi/13.2.1/../../../arm-none-eabi/lib/thumb/v7e-m+dp/hard/libc_nano.a(libc_a-snprintf.o) (_svfprintf_r)
/usr/lib/gcc/arm-none-eabi/13.2.1/../../../arm-none-eabi/lib/thumb/v7e-m+dp/hard/libc_nano.a(libc_a-findfp.o)
                              /usr/lib/gcc/arm-none-eabi/13.2.1/../../../arm-none-eabi/lib/thumb/v7e-m+dp/hard/libc_nano.a(libc_a-exit.o) (__stdio_exit_handler)
/usr/lib/gcc/arm-none-eabi/13.2.1/../../../arm-none-eabi/lib/thumb/v7e-m+dp/hard/libc_nano.a(libc_a-fflush.o)
                              /usr/lib/gcc/arm-none-eabi/13.2.1/../../../arm-none-eabi/lib/thumb/v7e-m+dp/hard/libc_nano.a(libc_a-findfp.o) (_fflush_r)
/usr/lib/gcc/arm-none-eabi/13.2.1/../../../arm-none-eabi/lib/thumb/v7e-m+dp/hard/libc_nano.a(libc_a-mallocr.o)
                              /usr/lib/gcc/arm-none-eabi/13.2.1/../../../arm-none-eabi/lib/thumb/v7e-m+dp/hard/libc_nano.a(libc_a-nano-svfprintf.o) (_malloc_r)
/usr/lib/gcc/arm-none-eabi/13.2.1/../../../arm-none-eabi/lib/thumb/v7e-m+dp/hard/libc_nano.a(libc_a-freer.o)
                              /usr/lib/gcc/arm-none-eabi/13.2.1/../../../arm-none-eabi/lib/thumb/v7e-m+dp/hard/libc_nano.a(libc_a-nano-svfprintf.o) (_free_r)
/usr/lib/gcc/arm-none-eabi/13.2.1/../../../arm-none-eabi/lib/thumb/v7e-m+dp/hard/libc_nano.a(libc_a-memmove.o)
                              /usr/lib/gcc/arm-none-eabi/13.2.1/../../../arm-none-eabi/lib/thumb/v7e-m+dp/hard/libc_nano.a(libc_a-nano-svfprintf.o) (memmove)
/usr/lib/gcc/arm-none-eabi/13.2.1/../../../arm-none-eabi/lib/thumb/v7e-m+dp/hard/libc_nano.a(libc_a-fwalk.o)
                              /usr/lib/gcc/arm-none-eabi/13.2.1/../../../arm-none-eabi/lib/thumb/v7e-m+dp/hard/libc_nano.a(libc_a-findfp.o) (_fwalk_sglue)
/usr/lib/gcc/arm-none-eabi/13.2.1/../../../arm-none-eabi/lib/thumb/v7e-m+dp/hard/libc_nano.a(libc_a-memchr.o)
                              /usr/lib/gcc/arm-none-eabi/13.2.1/../../../arm-none-eabi/lib/thumb/v7e-m+dp/hard/libc_nano.a(libc_a-nano-svfprintf.o) (memchr)
/usr/lib/gcc/arm-none-eabi/13.2.1/../../../arm-none-eabi/lib/thumb/v7e-m+dp/hard/libc_nano.a(libc_a-memcpy.o)
                              /usr/lib/gcc/arm-none-eabi/13.2.1/../../../arm-none-eabi/lib/thumb/v7e-m+dp/hard/libc_nano.a(libc_a-nano-svfprintf.o) (memcpy)
/usr/lib/gcc/arm-none-eabi/13.2.1/../../../arm-none-eabi/lib/thumb/v7e-m+dp/hard/libc_nano.a(libc_a-__atexit.o)
                              /usr/lib/gcc/arm-none-eabi/13.2.1/../../../arm-none-eabi/lib/thumb/v7e-m+dp/hard/libc_nano.a(libc_a-atexit.o) (__register_exitproc)
/usr/lib/gcc/arm-none-eabi/13.2.1/../../../arm-none-eabi/lib/thumb/v7e-m+dp/hard/libc_nano.a(libc_a-reallocr.o)
                              /usr/lib/gcc/arm-none-eabi/13.2.1/../../../arm-none-eabi/lib/thumb/v7e-m+dp/hard/libc_nano.a(libc_a-nano-svfprintf.o) (_realloc_r)
/usr/lib/gcc/arm-none-eabi/13.2.1/../../../arm-none-eabi/lib/thumb/v7e-m+dp/hard/libc_nano.a(libc_a-nano-vfprintf_i.o)
[...]
Memory Configuration

Name             Origin             Length             Attributes
DTCMRAM          0x20000000         0x00020000         xrw
RAM              0x24000000         0x00080000         xrw
RAM_D2           0x30000000         0x00048000         xrw
RAM_D3           0x38000000         0x00010000         xrw
ITCMRAM          0x00000000         0x00010000         xrw
FLASH            0x08000000         0x00200000         xr
*default*        0x00000000         0xffffffff

Linker script and memory map

LOAD /usr/lib/gcc/arm-none-eabi/13.2.1/thumb/v7e-m+dp/hard/crti.o
LOAD /usr/lib/gcc/arm-none-eabi/13.2.1/thumb/v7e-m+dp/hard/crtbegin.o
LOAD /usr/lib/gcc/arm-none-eabi/13.2.1/../../../arm-none-eabi/lib/thumb/v7e-m+dp/hard/crt0.o
LOAD build/main.o
LOAD build/stm32h7xx_it.o
LOAD build/stm32h7xx_hal_msp.o
LOAD build/stm32h7xx_hal_cortex.o
LOAD build/stm32h7xx_hal_dcmi.o
LOAD build/stm32h7xx_hal_rcc.o
LOAD build/stm32h7xx_hal_rcc_ex.o
LOAD build/stm32h7xx_hal_flash.o
LOAD build/stm32h7xx_hal_flash_ex.o
LOAD build/stm32h7xx_hal_gpio.o
LOAD build/stm32h7xx_hal_hsem.o
LOAD build/stm32h7xx_hal_dma.o
LOAD build/stm32h7xx_hal_dma_ex.o
LOAD build/stm32h7xx_hal_mdma.o
LOAD build/stm32h7xx_hal_pwr.o
LOAD build/stm32h7xx_hal_pwr_ex.o
LOAD build/stm32h7xx_hal.o
LOAD build/stm32h7xx_hal_i2c.o
LOAD build/stm32h7xx_hal_i2c_ex.o
LOAD build/stm32h7xx_hal_exti.o
LOAD build/stm32h7xx_hal_tim.o
LOAD build/stm32h7xx_hal_tim_ex.o
LOAD build/stm32h7xx_hal_uart.o
LOAD build/stm32h7xx_hal_uart_ex.o
LOAD build/system_stm32h7xx.o
LOAD build/sysmem.o
LOAD build/syscalls.o
LOAD build/ov5640.o
LOAD build/ov5640_reg.o
LOAD build/startup_stm32h743xx.o
LOAD /usr/lib/gcc/arm-none-eabi/13.2.1/../../../arm-none-eabi/lib/thumb/v7e-m+dp/hard/libc_nano.a
LOAD /usr/lib/gcc/arm-none-eabi/13.2.1/../../../arm-none-eabi/lib/thumb/v7e-m+dp/hard/libm.a
LOAD /usr/lib/gcc/arm-none-eabi/13.2.1/../../../arm-none-eabi/lib/thumb/v7e-m+dp/hard/libnosys.a
START GROUP
LOAD /usr/lib/gcc/arm-none-eabi/13.2.1/thumb/v7e-m+dp/hard/libgcc.a
LOAD /usr/lib/gcc/arm-none-eabi/13.2.1/../../../arm-none-eabi/lib/thumb/v7e-m+dp/hard/libc_nano.a
END GROUP
START GROUP
LOAD /usr/lib/gcc/arm-none-eabi/13.2.1/thumb/v7e-m+dp/hard/libgcc.a
LOAD /usr/lib/gcc/arm-none-eabi/13.2.1/../../../arm-none-eabi/lib/thumb/v7e-m+dp/hard/libc_nano.a
END GROUP
LOAD /usr/lib/gcc/arm-none-eabi/13.2.1/thumb/v7e-m+dp/hard/crtend.o
LOAD /usr/lib/gcc/arm-none-eabi/13.2.1/thumb/v7e-m+dp/hard/crtn.o
                0x20020000                        _estack = (ORIGIN (DTCMRAM) + LENGTH (DTCMRAM))
                0x2001fc00                        _sstack = (_estack - _Min_Stack_Size)
                0x00000200                        _Min_Heap_Size = 0x200
                0x00000400                        _Min_Stack_Size = 0x400

.isr_vector     0x08000000      0x298
                0x08000000                        . = ALIGN (0x4)
 *(.isr_vector)
 .isr_vector    0x08000000      0x298 build/startup_stm32h743xx.o
                0x08000000                g_pfnVectors
                0x08000298                        . = ALIGN (0x4)

.text           0x080002a0     0x81ec
                0x080002a0                        . = ALIGN (0x4)
 *(.text)
 .text          0x080002a0       0x88 /usr/lib/gcc/arm-none-eabi/13.2.1/thumb/v7e-m+dp/hard/crtbegin.o
 .text          0x08000328       0x50 /usr/lib/gcc/arm-none-eabi/13.2.1/../../../arm-none-eabi/lib/thumb/v7e-m+dp/hard/libc_nano.a(libc_a-init.o)
                0x08000328                __libc_init_array
 .text          0x08000378       0xa4 /usr/lib/gcc/arm-none-eabi/13.2.1/../../../arm-none-eabi/lib/thumb/v7e-m+dp/hard/libc_nano.a(libc_a-memset.o)
                0x08000378                memset
 .text          0x0800041c        0xc /usr/lib/gcc/arm-none-eabi/13.2.1/../../../arm-none-eabi/lib/thumb/v7e-m+dp/hard/libc_nano.a(libc_a-errno.o)
                0x0800041c                __errno
 .text          0x08000428      0x114 /usr/lib/gcc/arm-none-eabi/13.2.1/../../../arm-none-eabi/lib/thumb/v7e-m+dp/hard/libc_nano.a(libc_a-snprintf.o)
                0x08000428                _sniprintf_r
                0x08000428                _snprintf_r
                0x080004ac                snprintf
                0x080004ac                sniprintf
 .text          0x0800053c      0x400 /usr/lib/gcc/arm-none-eabi/13.2.1/../../../arm-none-eabi/lib/thumb/v7e-m+dp/hard/libc_nano.a(libc_a-nano-svfprintf.o)
                0x0800053c                __ssputs_r
                0x080005fc                __ssprint_r
                0x08000704                _svfprintf_r
                0x08000704                _svfiprintf_r
 .text          0x0800093c      0x148 /usr/lib/gcc/arm-none-eabi/13.2.1/../../../arm-none-eabi/lib/thumb/v7e-m+dp/hard/libc_nano.a(libc_a-mallocr.o)
                0x08000984                _malloc_r
 .text          0x08000a84       0xbc /usr/lib/gcc/arm-none-eabi/13.2.1/../../../arm-none-eabi/lib/thumb/v7e-m+dp/hard/libc_nano.a(libc_a-freer.o)
                0x08000a84                _free_r
 .text          0x08000b40      0x100 /usr/lib/gcc/arm-none-eabi/13.2.1/../../../arm-none-eabi/lib/thumb/v7e-m+dp/hard/libc_nano.a(libc_a-memmove.o)
                0x08000b40                memmove
 .text          0x08000c40       0xa0 /usr/lib/gcc/arm-none-eabi/13.2.1/../../../arm-none-eabi/lib/thumb/v7e-m+dp/hard/libc_nano.a(libc_a-memchr.o)
                0x08000c40                memchr
 .text          0x08000ce0      0x134 /usr/lib/gcc/arm-none-eabi/13.2.1/../../../arm-none-eabi/lib/thumb/v7e-m+dp/hard/libc_nano.a(libc_a-memcpy.o)
                0x08000ce0                memcpy
 .text          0x08000e14       0x64 /usr/lib/gcc/arm-none-eabi/13.2.1/../../../arm-none-eabi/lib/thumb/v7e-m+dp/hard/libc_nano.a(libc_a-reallocr.o)
                0x08000e14                _realloc_r
 .text          0x08000e78      0x3a8 /usr/lib/gcc/arm-none-eabi/13.2.1/../../../arm-none-eabi/lib/thumb/v7e-m+dp/hard/libc_nano.a(libc_a-nano-vfprintf_i.o)
                0x08000e78                _printf_common
                0x08000f9c                _printf_i
 .text          0x08001220        0x8 /usr/lib/gcc/arm-none-eabi/13.2.1/../../../arm-none-eabi/lib/thumb/v7e-m+dp/hard/libc_nano.a(libc_a-mlock.o)
                0x08001220                __malloc_lock
                0x08001224                __malloc_unlock
 .text          0x08001228       0x24 /usr/lib/gcc/arm-none-eabi/13.2.1/../../../arm-none-eabi/lib/thumb/v7e-m+dp/hard/libc_nano.a(libc_a-sbrkr.o)
                0x08001228                _sbrk_r
 .text          0x0800124c       0x10 /usr/lib/gcc/arm-none-eabi/13.2.1/../../../arm-none-eabi/lib/thumb/v7e-m+dp/hard/libc_nano.a(libc_a-msizer.o)
                0x0800124c                _malloc_usable_size_r
 .text          0x0800125c       0x30 /usr/lib/gcc/arm-none-eabi/13.2.1/thumb/v7e-m+dp/hard/libgcc.a(_aeabi_uldivmod.o)
                0x0800125c                __aeabi_uldivmod
 .text          0x0800128c      0x2bc /usr/lib/gcc/arm-none-eabi/13.2.1/thumb/v7e-m+dp/hard/libgcc.a(_udivmoddi4.o)
                0x0800128c                __udivmoddi4
 .text          0x08001548        0x4 /usr/lib/gcc/arm-none-eabi/13.2.1/thumb/v7e-m+dp/hard/libgcc.a(_dvmd_tls.o)
                0x08001548                __aeabi_ldiv0
                0x08001548                __aeabi_idiv0
 *(.text*)
 .text.OV5640IOinit
                0x0800154c        0x4 build/main.o
                0x0800154c                OV5640IOinit
 .text.OV5640IOdeinit
                0x08001550        0x4 build/main.o
                0x08001550                OV5640IOdeinit
 .text.OV5640IOwritereg
                0x08001554       0x30 build/main.o
                0x08001554                OV5640IOwritereg
 .text.OV5640IOreadreg
                0x08001584       0x30 build/main.o
                0x08001584                OV5640IOreadreg
 .text.OV5640IOgettick
                0x080015b4        0x8 build/main.o
                0x080015b4                OV5640IOgettick
 .text.MPU_Config
                0x080015bc       0x52 build/main.o
 *fill*         0x0800160e        0x2 
 .text.MX_GPIO_Init
                0x08001610      0x104 build/main.o
 .text.MX_DMA_Init
                0x08001714       0x38 build/main.o
 .text.HAL_DCMI_ErrorCallback
                0x0800174c       0x38 build/main.o
                0x0800174c                HAL_DCMI_ErrorCallback
 .text.HAL_DCMI_FrameEventCallback
                0x08001784        0xc build/main.o
                0x08001784                HAL_DCMI_FrameEventCallback
 .text.HAL_DCMI_VsyncEventCallback
                0x08001790        0x2 build/main.o
                0x08001790                HAL_DCMI_VsyncEventCallback
 .text.HAL_DCMI_LineEventCallback
                0x08001792        0x2 build/main.o
                0x08001792                HAL_DCMI_LineEventCallback
 .text.sendPicture
                0x08001794       0x48 build/main.o
                0x08001794                sendPicture
 .text.Error_Handler
                0x080017dc        0x4 build/main.o
                0x080017dc                Error_Handler
 .text.MX_DCMI_Init
                0x080017e0       0x3c build/main.o
 .text.MX_I2C1_Init
                0x0800181c       0x5c build/main.o
 .text.MX_I2C2_Init
                0x08001878       0x58 build/main.o
 .text.MX_USART2_UART_Init
                0x080018d0       0x60 build/main.o
 .text.SystemClock_Config
                0x08001930       0xd0 build/main.o
                0x08001930                SystemClock_Config
 .text.main     0x08001a00      0x22c build/main.o
                0x08001a00                main
 .text.NMI_Handler
                0x08001c2c        0x2 build/stm32h7xx_it.o
                0x08001c2c                NMI_Handler
 .text.HardFault_Handler
                0x08001c2e        0x2 build/stm32h7xx_it.o
                0x08001c2e                HardFault_Handler
 .text.MemManage_Handler
                0x08001c30        0x2 build/stm32h7xx_it.o
                0x08001c30                MemManage_Handler
 .text.BusFault_Handler
                0x08001c32        0x2 build/stm32h7xx_it.o
                0x08001c32                BusFault_Handler
 .text.UsageFault_Handler
                0x08001c34        0x2 build/stm32h7xx_it.o
                0x08001c34                UsageFault_Handler
 .text.SVC_Handler
                0x08001c36        0x2 build/stm32h7xx_it.o
                0x08001c36                SVC_Handler
 .text.DebugMon_Handler
                0x08001c38        0x2 build/stm32h7xx_it.o
                0x08001c38                DebugMon_Handler
 .text.PendSV_Handler
                0x08001c3a        0x2 build/stm32h7xx_it.o
                0x08001c3a                PendSV_Handler
 .text.SysTick_Handler
                0x08001c3c        0x8 build/stm32h7xx_it.o
                0x08001c3c                SysTick_Handler
 .text.I2C1_EV_IRQHandler
                0x08001c44       0x10 build/stm32h7xx_it.o
                0x08001c44                I2C1_EV_IRQHandler
 .text.I2C1_ER_IRQHandler
                0x08001c54       0x10 build/stm32h7xx_it.o
                0x08001c54                I2C1_ER_IRQHandler
 .text.DMA2_Stream1_IRQHandler
                0x08001c64       0x10 build/stm32h7xx_it.o
                0x08001c64                DMA2_Stream1_IRQHandler
 .text.DCMI_IRQHandler
                0x08001c74       0x10 build/stm32h7xx_it.o
                0x08001c74                DCMI_IRQHandler
 .text.HAL_MspInit
                0x08001c84       0x24 build/stm32h7xx_hal_msp.o
                0x08001c84                HAL_MspInit
 .text.HAL_DCMI_MspInit
                0x08001ca8      0x1a0 build/stm32h7xx_hal_msp.o
                0x08001ca8                HAL_DCMI_MspInit
 .text.HAL_I2C_MspInit
                0x08001e48      0x128 build/stm32h7xx_hal_msp.o
                0x08001e48                HAL_I2C_MspInit
 .text.HAL_UART_MspInit
                0x08001f70       0x98 build/stm32h7xx_hal_msp.o
                0x08001f70                HAL_UART_MspInit
 .text.__NVIC_EnableIRQ
                0x08002008       0x1c build/stm32h7xx_hal_cortex.o
 .text.__NVIC_SetPriority
                0x08002024       0x24 build/stm32h7xx_hal_cortex.o
 .text.NVIC_EncodePriority
                0x08002048       0x3e build/stm32h7xx_hal_cortex.o
 *fill*         0x08002086        0x2 
 .text.HAL_NVIC_SetPriorityGrouping
                0x08002088       0x24 build/stm32h7xx_hal_cortex.o
                0x08002088                HAL_NVIC_SetPriorityGrouping
 .text.HAL_NVIC_SetPriority
                0x080020ac       0x20 build/stm32h7xx_hal_cortex.o
                0x080020ac                HAL_NVIC_SetPriority
 .text.HAL_NVIC_EnableIRQ
                0x080020cc        0x8 build/stm32h7xx_hal_cortex.o
                0x080020cc                HAL_NVIC_EnableIRQ
 .text.HAL_SYSTICK_Config
                0x080020d4       0x28 build/stm32h7xx_hal_cortex.o
                0x080020d4                HAL_SYSTICK_Config
 .text.HAL_MPU_Disable
                0x080020fc       0x1c build/stm32h7xx_hal_cortex.o
                0x080020fc                HAL_MPU_Disable
 .text.HAL_MPU_Enable
                0x08002118       0x20 build/stm32h7xx_hal_cortex.o
                0x08002118                HAL_MPU_Enable
 .text.HAL_MPU_ConfigRegion
                0x08002138       0x58 build/stm32h7xx_hal_cortex.o
                0x08002138                HAL_MPU_ConfigRegion
 .text.DCMI_DMAXferCplt
                0x08002190       0xa0 build/stm32h7xx_hal_dcmi.o
 .text.HAL_DCMI_Init
                0x08002230       0xa0 build/stm32h7xx_hal_dcmi.o
                0x08002230                HAL_DCMI_Init
 .text.HAL_DCMI_Start_DMA
                0x080022d0       0xec build/stm32h7xx_hal_dcmi.o
                0x080022d0                HAL_DCMI_Start_DMA
 .text.DCMI_DMAError
                0x080023bc       0x20 build/stm32h7xx_hal_dcmi.o
 .text.HAL_DCMI_IRQHandler
                0x080023dc       0xb0 build/stm32h7xx_hal_dcmi.o
                0x080023dc                HAL_DCMI_IRQHandler
 .text.HAL_RCC_OscConfig
                0x0800248c      0x6b0 build/stm32h7xx_hal_rcc.o
                0x0800248c                HAL_RCC_OscConfig
 .text.HAL_RCC_MCOConfig
                0x08002b3c       0xa4 build/stm32h7xx_hal_rcc.o
                0x08002b3c                HAL_RCC_MCOConfig
 .text.HAL_RCC_GetSysClockFreq
                0x08002be0      0x1f8 build/stm32h7xx_hal_rcc.o
                0x08002be0                HAL_RCC_GetSysClockFreq
 .text.HAL_RCC_ClockConfig
                0x08002dd8      0x294 build/stm32h7xx_hal_rcc.o
                0x08002dd8                HAL_RCC_ClockConfig
 .text.HAL_RCC_GetHCLKFreq
                0x0800306c       0x44 build/stm32h7xx_hal_rcc.o
                0x0800306c                HAL_RCC_GetHCLKFreq
 .text.HAL_RCC_GetPCLK1Freq
                0x080030b0       0x24 build/stm32h7xx_hal_rcc.o
                0x080030b0                HAL_RCC_GetPCLK1Freq
 .text.HAL_RCC_GetPCLK2Freq
                0x080030d4       0x24 build/stm32h7xx_hal_rcc.o
                0x080030d4                HAL_RCC_GetPCLK2Freq
 .text.RCCEx_PLL2_Config
                0x080030f8      0x108 build/stm32h7xx_hal_rcc_ex.o
 .text.RCCEx_PLL3_Config
                0x08003200      0x108 build/stm32h7xx_hal_rcc_ex.o
 .text.HAL_RCCEx_PeriphCLKConfig
                0x08003308      0xaac build/stm32h7xx_hal_rcc_ex.o
                0x08003308                HAL_RCCEx_PeriphCLKConfig
 .text.HAL_RCCEx_GetD3PCLK1Freq
                0x08003db4       0x24 build/stm32h7xx_hal_rcc_ex.o
                0x08003db4                HAL_RCCEx_GetD3PCLK1Freq
 .text.HAL_RCCEx_GetPLL2ClockFreq
                0x08003dd8      0x200 build/stm32h7xx_hal_rcc_ex.o
                0x08003dd8                HAL_RCCEx_GetPLL2ClockFreq
 .text.HAL_RCCEx_GetPLL3ClockFreq
                0x08003fd8      0x200 build/stm32h7xx_hal_rcc_ex.o
                0x08003fd8                HAL_RCCEx_GetPLL3ClockFreq
 .text.HAL_GPIO_Init
                0x080041d8      0x22c build/stm32h7xx_hal_gpio.o
                0x080041d8                HAL_GPIO_Init
 .text.HAL_GPIO_WritePin
                0x08004404        0xc build/stm32h7xx_hal_gpio.o
                0x08004404                HAL_GPIO_WritePin
 .text.DMA_SetConfig
                0x08004410      0x1b4 build/stm32h7xx_hal_dma.o
 .text.DMA_CalcBaseAndBitshift
                0x080045c4       0xb0 build/stm32h7xx_hal_dma.o
 .text.DMA_CheckFifoParam
                0x08004674       0x92 build/stm32h7xx_hal_dma.o
 *fill*         0x08004706        0x2 
 .text.DMA_CalcDMAMUXChannelBaseAndMask
                0x08004708       0xac build/stm32h7xx_hal_dma.o
 .text.DMA_CalcDMAMUXRequestGenBaseAndMask
                0x080047b4       0x7c build/stm32h7xx_hal_dma.o
 .text.HAL_DMA_Init
                0x08004830      0x3a4 build/stm32h7xx_hal_dma.o
                0x08004830                HAL_DMA_Init
 .text.HAL_DMA_Start_IT
                0x08004bd4      0x298 build/stm32h7xx_hal_dma.o
                0x08004bd4                HAL_DMA_Start_IT
 .text.HAL_DMA_Abort_IT
                0x08004e6c      0x21c build/stm32h7xx_hal_dma.o
                0x08004e6c                HAL_DMA_Abort_IT
 .text.HAL_DMA_IRQHandler
                0x08005088      0x738 build/stm32h7xx_hal_dma.o
                0x08005088                HAL_DMA_IRQHandler
 .text.HAL_DMA_GetState
                0x080057c0        0x6 build/stm32h7xx_hal_dma.o
                0x080057c0                HAL_DMA_GetState
 *fill*         0x080057c6        0x2 
 .text.DMA_MultiBufferSetConfig
                0x080057c8       0xa8 build/stm32h7xx_hal_dma_ex.o
 .text.HAL_DMAEx_MultiBufferStart_IT
                0x08005870      0x398 build/stm32h7xx_hal_dma_ex.o
                0x08005870                HAL_DMAEx_MultiBufferStart_IT
 .text.HAL_DMAEx_ChangeMemory
                0x08005c08       0x88 build/stm32h7xx_hal_dma_ex.o
                0x08005c08                HAL_DMAEx_ChangeMemory
 .text.HAL_PWREx_ConfigSupply
                0x08005c90       0x54 build/stm32h7xx_hal_pwr_ex.o
                0x08005c90                HAL_PWREx_ConfigSupply
 .text.HAL_InitTick
                0x08005ce4       0x50 build/stm32h7xx_hal.o
                0x08005ce4                HAL_InitTick
 .text.HAL_Init
                0x08005d34       0x5c build/stm32h7xx_hal.o
                0x08005d34                HAL_Init
 .text.HAL_IncTick
                0x08005d90       0x18 build/stm32h7xx_hal.o
                0x08005d90                HAL_IncTick
 .text.HAL_GetTick
                0x08005da8        0xc build/stm32h7xx_hal.o
                0x08005da8                HAL_GetTick
 .text.HAL_Delay
                0x08005db4       0x28 build/stm32h7xx_hal.o
                0x08005db4                HAL_Delay
 .text.HAL_GetREVID
                0x08005ddc        0xc build/stm32h7xx_hal.o
                0x08005ddc                HAL_GetREVID
 .text.I2C_Flush_TXDR
                0x08005de8       0x22 build/stm32h7xx_hal_i2c.o
 .text.I2C_TransferConfig
                0x08005e0a       0x3c build/stm32h7xx_hal_i2c.o
 .text.I2C_Disable_IRQ
                0x08005e46       0x70 build/stm32h7xx_hal_i2c.o
 .text.I2C_IsErrorOccurred
                0x08005eb6      0x118 build/stm32h7xx_hal_i2c.o
 .text.I2C_WaitOnTXISFlagUntilTimeout
                0x08005fce       0x60 build/stm32h7xx_hal_i2c.o
 .text.I2C_WaitOnFlagUntilTimeout
                0x0800602e       0x7c build/stm32h7xx_hal_i2c.o
 *fill*         0x080060aa        0x2 
 .text.I2C_RequestMemoryWrite
                0x080060ac       0x7c build/stm32h7xx_hal_i2c.o
 .text.I2C_RequestMemoryRead
                0x08006128       0x78 build/stm32h7xx_hal_i2c.o
 .text.I2C_WaitOnSTOPFlagUntilTimeout
                0x080061a0       0x5e build/stm32h7xx_hal_i2c.o
 *fill*         0x080061fe        0x2 
 .text.HAL_I2C_Init
                0x08006200       0xc8 build/stm32h7xx_hal_i2c.o
                0x08006200                HAL_I2C_Init
 .text.HAL_I2C_Mem_Write
                0x080062c8      0x1aa build/stm32h7xx_hal_i2c.o
                0x080062c8                HAL_I2C_Mem_Write
 *fill*         0x08006472        0x2 
 .text.HAL_I2C_Mem_Read
                0x08006474      0x1b0 build/stm32h7xx_hal_i2c.o
                0x08006474                HAL_I2C_Mem_Read
 .text.HAL_I2C_IsDeviceReady
                0x08006624      0x150 build/stm32h7xx_hal_i2c.o
                0x08006624                HAL_I2C_IsDeviceReady
 .text.HAL_I2C_EV_IRQHandler
                0x08006774       0x10 build/stm32h7xx_hal_i2c.o
                0x08006774                HAL_I2C_EV_IRQHandler
 .text.HAL_I2C_SlaveTxCpltCallback
                0x08006784        0x2 build/stm32h7xx_hal_i2c.o
                0x08006784                HAL_I2C_SlaveTxCpltCallback
 .text.HAL_I2C_SlaveRxCpltCallback
                0x08006786        0x2 build/stm32h7xx_hal_i2c.o
                0x08006786                HAL_I2C_SlaveRxCpltCallback
 .text.I2C_ITSlaveSeqCplt
                0x08006788       0x82 build/stm32h7xx_hal_i2c.o
 .text.HAL_I2C_AddrCallback
                0x0800680a        0x2 build/stm32h7xx_hal_i2c.o
                0x0800680a                HAL_I2C_AddrCallback
 .text.I2C_ITAddrCplt
                0x0800680c       0xa0 build/stm32h7xx_hal_i2c.o
 .text.HAL_I2C_ListenCpltCallback
                0x080068ac        0x2 build/stm32h7xx_hal_i2c.o
                0x080068ac                HAL_I2C_ListenCpltCallback
 *fill*         0x080068ae        0x2 
 .text.I2C_ITListenCplt
                0x080068b0       0x68 build/stm32h7xx_hal_i2c.o
 .text.HAL_I2C_ErrorCallback
                0x08006918        0x2 build/stm32h7xx_hal_i2c.o
                0x08006918                HAL_I2C_ErrorCallback
 .text.HAL_I2C_AbortCpltCallback
                0x0800691a        0x2 build/stm32h7xx_hal_i2c.o
                0x0800691a                HAL_I2C_AbortCpltCallback
 .text.I2C_TreatErrorCallback
                0x0800691c       0x2e build/stm32h7xx_hal_i2c.o
 *fill*         0x0800694a        0x2 
 .text.I2C_ITError
                0x0800694c      0x130 build/stm32h7xx_hal_i2c.o
 .text.I2C_ITSlaveCplt
                0x08006a7c      0x2d8 build/stm32h7xx_hal_i2c.o
 .text.I2C_Slave_ISR_IT
                0x08006d54      0x14a build/stm32h7xx_hal_i2c.o
 .text.HAL_I2C_ER_IRQHandler
                0x08006e9e       0x6a build/stm32h7xx_hal_i2c.o
                0x08006e9e                HAL_I2C_ER_IRQHandler
 .text.I2C_DMAAbort
                0x08006f08       0x1a build/stm32h7xx_hal_i2c.o
 .text.HAL_I2CEx_ConfigAnalogFilter
                0x08006f22       0x5c build/stm32h7xx_hal_i2c_ex.o
                0x08006f22                HAL_I2CEx_ConfigAnalogFilter
 .text.HAL_I2CEx_ConfigDigitalFilter
                0x08006f7e       0x58 build/stm32h7xx_hal_i2c_ex.o
                0x08006f7e                HAL_I2CEx_ConfigDigitalFilter
 *fill*         0x08006fd6        0x2 
 .text.UART_EndRxTransfer
                0x08006fd8       0x58 build/stm32h7xx_hal_uart.o
 .text.UART_SetConfig
                0x08007030      0x5fc build/stm32h7xx_hal_uart.o
                0x08007030                UART_SetConfig
 .text.UART_AdvFeatureConfig
                0x0800762c       0xca build/stm32h7xx_hal_uart.o
                0x0800762c                UART_AdvFeatureConfig
 .text.UART_WaitOnFlagUntilTimeout
                0x080076f6       0xa6 build/stm32h7xx_hal_uart.o
                0x080076f6                UART_WaitOnFlagUntilTimeout
 .text.HAL_UART_Transmit
                0x0800779c       0xe0 build/stm32h7xx_hal_uart.o
                0x0800779c                HAL_UART_Transmit
 .text.UART_CheckIdleState
                0x0800787c       0xca build/stm32h7xx_hal_uart.o
                0x0800787c                UART_CheckIdleState
 .text.HAL_UART_Init
                0x08007946       0x66 build/stm32h7xx_hal_uart.o
                0x08007946                HAL_UART_Init
 .text.UARTEx_SetNbDataToProcess
                0x080079ac       0x4c build/stm32h7xx_hal_uart_ex.o
 .text.HAL_UARTEx_DisableFifoMode
                0x080079f8       0x3e build/stm32h7xx_hal_uart_ex.o
                0x080079f8                HAL_UARTEx_DisableFifoMode
 .text.HAL_UARTEx_SetTxFifoThreshold
                0x08007a36       0x4a build/stm32h7xx_hal_uart_ex.o
                0x08007a36                HAL_UARTEx_SetTxFifoThreshold
 .text.HAL_UARTEx_SetRxFifoThreshold
                0x08007a80       0x4a build/stm32h7xx_hal_uart_ex.o
                0x08007a80                HAL_UARTEx_SetRxFifoThreshold
 *fill*         0x08007aca        0x2 
 .text.SystemInit
                0x08007acc       0xf0 build/system_stm32h7xx.o
                0x08007acc                SystemInit
 .text.ExitRun0Mode
                0x08007bbc       0x18 build/system_stm32h7xx.o
                0x08007bbc                ExitRun0Mode
 .text._sbrk    0x08007bd4       0x48 build/sysmem.o
                0x08007bd4                _sbrk
 .text.OV5640_Delay
                0x08007c1c       0x1a build/ov5640.o
 .text.OV5640_ReadRegWrap
                0x08007c36        0xa build/ov5640.o
 .text.OV5640_WriteRegWrap
                0x08007c40        0xa build/ov5640.o
 *fill*         0x08007c4a        0x2 
 .text.OV5640_SetResolution
                0x08007c4c      0x15c build/ov5640.o
                0x08007c4c                OV5640_SetResolution
 .text.OV5640_SetPixelFormat
                0x08007da8      0x258 build/ov5640.o
                0x08007da8                OV5640_SetPixelFormat
 .text.OV5640_RegisterBusIO
                0x08008000       0x44 build/ov5640.o
                0x08008000                OV5640_RegisterBusIO
 .text.OV5640_SetPolarities
                0x08008044       0x60 build/ov5640.o
                0x08008044                OV5640_SetPolarities
 .text.OV5640_SetPCLK
                0x080080a4      0x16a build/ov5640.o
                0x080080a4                OV5640_SetPCLK
 *fill*         0x0800820e        0x2 
 .text.OV5640_EnableDVPMode
                0x08008210       0x40 build/ov5640.o
                0x08008210                OV5640_EnableDVPMode
 .text.OV5640_EnableMIPIMode
                0x08008250       0x40 build/ov5640.o
                0x08008250                OV5640_EnableMIPIMode
 .text.OV5640_SetMIPIVirtualChannel
                0x08008290       0x54 build/ov5640.o
                0x08008290                OV5640_SetMIPIVirtualChannel
 .text.OV5640_Init
                0x080082e4      0x104 build/ov5640.o
                0x080082e4                OV5640_Init
 .text.OV5640_Start
                0x080083e8       0x20 build/ov5640.o
                0x080083e8                OV5640_Start
 .text.ov5640_read_reg
                0x08008408        0xa build/ov5640_reg.o
                0x08008408                ov5640_read_reg
 .text.ov5640_write_reg
                0x08008412        0xa build/ov5640_reg.o
                0x08008412                ov5640_write_reg
 .text.Reset_Handler
                0x0800841c       0x54 build/startup_stm32h743xx.o
                0x0800841c                Reset_Handler
 .text.Default_Handler
                0x08008470        0x2 build/startup_stm32h743xx.o
                0x08008470                RTC_Alarm_IRQHandler
                0x08008470                EXTI2_IRQHandler
                0x08008470                TIM8_CC_IRQHandler
                0x08008470                HRTIM1_Master_IRQHandler
                0x08008470                UART8_IRQHandler
                0x08008470                SPI4_IRQHandler
                0x08008470                TIM1_CC_IRQHandler
                0x08008470                BDMA_Channel6_IRQHandler
                0x08008470                DMA2_Stream5_IRQHandler
                0x08008470                HRTIM1_FLT_IRQHandler
                0x08008470                JPEG_IRQHandler
                0x08008470                DMA1_Stream5_IRQHandler
                0x08008470                BDMA_Channel1_IRQHandler
                0x08008470                HRTIM1_TIMD_IRQHandler
                0x08008470                TAMP_STAMP_IRQHandler
                0x08008470                EXTI3_IRQHandler
                0x08008470                LPTIM4_IRQHandler
                0x08008470                TIM8_TRG_COM_TIM14_IRQHandler
                0x08008470                LPTIM2_IRQHandler
                0x08008470                DFSDM1_FLT1_IRQHandler
                0x08008470                DMAMUX2_OVR_IRQHandler
                0x08008470                TIM8_UP_TIM13_IRQHandler
                0x08008470                I2C3_ER_IRQHandler
                0x08008470                DFSDM1_FLT2_IRQHandler
                0x08008470                MDMA_IRQHandler
                0x08008470                LPTIM3_IRQHandler
                0x08008470                HSEM1_IRQHandler
                0x08008470                EXTI0_IRQHandler
                0x08008470                I2C2_EV_IRQHandler
                0x08008470                DMA1_Stream2_IRQHandler
                0x08008470                FPU_IRQHandler
                0x08008470                OTG_HS_WKUP_IRQHandler
                0x08008470                FDCAN1_IT1_IRQHandler
                0x08008470                LTDC_ER_IRQHandler
                0x08008470                DMA2_Stream2_IRQHandler
                0x08008470                HRTIM1_TIME_IRQHandler
                0x08008470                SPI1_IRQHandler
                0x08008470                TIM6_DAC_IRQHandler
                0x08008470                HRTIM1_TIMC_IRQHandler
                0x08008470                DMA2_Stream3_IRQHandler
                0x08008470                SAI2_IRQHandler
                0x08008470                DFSDM1_FLT3_IRQHandler
                0x08008470                USART6_IRQHandler
                0x08008470                TIM17_IRQHandler
                0x08008470                USART3_IRQHandler
                0x08008470                BDMA_Channel7_IRQHandler
                0x08008470                LPTIM5_IRQHandler
                0x08008470                UART5_IRQHandler
                0x08008470                ADC3_IRQHandler
                0x08008470                DMA2_Stream0_IRQHandler
                0x08008470                TIM4_IRQHandler
                0x08008470                BDMA_Channel2_IRQHandler
                0x08008470                QUADSPI_IRQHandler
                0x08008470                DMA1_Stream6_IRQHandler
                0x08008470                DMAMUX1_OVR_IRQHandler
                0x08008470                DMA1_Stream1_IRQHandler
                0x08008470                TIM16_IRQHandler
                0x08008470                UART4_IRQHandler
                0x08008470                BDMA_Channel5_IRQHandler
                0x08008470                TIM3_IRQHandler
                0x08008470                RCC_IRQHandler
                0x08008470                TIM8_BRK_TIM12_IRQHandler
                0x08008470                TIM1_TRG_COM_IRQHandler
                0x08008470                Default_Handler
                0x08008470                ECC_IRQHandler
                0x08008470                CEC_IRQHandler
                0x08008470                EXTI15_10_IRQHandler
                0x08008470                BDMA_Channel0_IRQHandler
                0x08008470                ADC_IRQHandler
                0x08008470                DMA1_Stream7_IRQHandler
                0x08008470                HRTIM1_TIMA_IRQHandler
                0x08008470                SPI5_IRQHandler
                0x08008470                TIM7_IRQHandler
                0x08008470                SDMMC1_IRQHandler
                0x08008470                TIM5_IRQHandler
                0x08008470                DMA2_Stream7_IRQHandler
                0x08008470                TIM15_IRQHandler
                0x08008470                PVD_AVD_IRQHandler
                0x08008470                I2C3_EV_IRQHandler
                0x08008470                EXTI9_5_IRQHandler
                0x08008470                RTC_WKUP_IRQHandler
                0x08008470                LTDC_IRQHandler
                0x08008470                SAI3_IRQHandler
                0x08008470                ETH_WKUP_IRQHandler
                0x08008470                SPDIF_RX_IRQHandler
                0x08008470                SPI2_IRQHandler
                0x08008470                OTG_HS_EP1_IN_IRQHandler
                0x08008470                DMA1_Stream0_IRQHandler
                0x08008470                CRS_IRQHandler
                0x08008470                EXTI4_IRQHandler
                0x08008470                RNG_IRQHandler
                0x08008470                HRTIM1_TIMB_IRQHandler
                0x08008470                FDCAN2_IT1_IRQHandler
                0x08008470                ETH_IRQHandler
                0x08008470                TIM1_UP_IRQHandler
                0x08008470                BDMA_Channel4_IRQHandler
                0x08008470                OTG_HS_EP1_OUT_IRQHandler
                0x08008470                WWDG_IRQHandler
                0x08008470                SPI6_IRQHandler
                0x08008470                MDIOS_IRQHandler
                0x08008470                I2C4_EV_IRQHandler
                0x08008470                FDCAN2_IT0_IRQHandler
                0x08008470                LPUART1_IRQHandler
                0x08008470                FDCAN1_IT0_IRQHandler
                0x08008470                TIM2_IRQHandler
                0x08008470                OTG_FS_WKUP_IRQHandler
                0x08008470                OTG_HS_IRQHandler
                0x08008470                DMA2D_IRQHandler
                0x08008470                TIM1_BRK_IRQHandler
                0x08008470                EXTI1_IRQHandler
                0x08008470                SDMMC2_IRQHandler
                0x08008470                OTG_FS_EP1_OUT_IRQHandler
                0x08008470                BDMA_Channel3_IRQHandler
                0x08008470                UART7_IRQHandler
                0x08008470                MDIOS_WKUP_IRQHandler
                0x08008470                USART2_IRQHandler
                0x08008470                DFSDM1_FLT0_IRQHandler
                0x08008470                SAI4_IRQHandler
                0x08008470                I2C2_ER_IRQHandler
                0x08008470                FLASH_IRQHandler
                0x08008470                DMA2_Stream4_IRQHandler
                0x08008470                USART1_IRQHandler
                0x08008470                OTG_FS_IRQHandler
                0x08008470                SPI3_IRQHandler
                0x08008470                WAKEUP_PIN_IRQHandler
                0x08008470                DMA1_Stream4_IRQHandler
                0x08008470                OTG_FS_EP1_IN_IRQHandler
                0x08008470                FMC_IRQHandler
                0x08008470                FDCAN_CAL_IRQHandler
                0x08008470                SWPMI1_IRQHandler
                0x08008470                COMP1_IRQHandler
                0x08008470                LPTIM1_IRQHandler
                0x08008470                I2C4_ER_IRQHandler
                0x08008470                DMA2_Stream6_IRQHandler
                0x08008470                SAI1_IRQHandler
                0x08008470                DMA1_Stream3_IRQHandler
 *(.glue_7)
 .glue_7        0x08008472        0x0 linker stubs
 *(.glue_7t)
 .glue_7t       0x08008472        0x0 linker stubs
 *(.eh_frame)
 *fill*         0x08008472        0x2 
 .eh_frame      0x08008474        0x0 /usr/lib/gcc/arm-none-eabi/13.2.1/thumb/v7e-m+dp/hard/crtbegin.o
 *(.init)
 .init          0x08008474        0x4 /usr/lib/gcc/arm-none-eabi/13.2.1/thumb/v7e-m+dp/hard/crti.o
                0x08008474                _init
 .init          0x08008478        0x8 /usr/lib/gcc/arm-none-eabi/13.2.1/thumb/v7e-m+dp/hard/crtn.o
 *(.fini)
 .fini          0x08008480        0x4 /usr/lib/gcc/arm-none-eabi/13.2.1/thumb/v7e-m+dp/hard/crti.o
                0x08008480                _fini
 .fini          0x08008484        0x8 /usr/lib/gcc/arm-none-eabi/13.2.1/thumb/v7e-m+dp/hard/crtn.o
                0x0800848c                        . = ALIGN (0x4)
                0x0800848c                        _etext = .

.vfp11_veneer   0x0800848c        0x0
 .vfp11_veneer  0x0800848c        0x0 linker stubs

.v4_bx          0x0800848c        0x0
 .v4_bx         0x0800848c        0x0 linker stubs

.iplt           0x0800848c        0x0
 .iplt          0x0800848c        0x0 /usr/lib/gcc/arm-none-eabi/13.2.1/thumb/v7e-m+dp/hard/crtbegin.o

.rodata         0x0800848c      0x5cc
                0x0800848c                        . = ALIGN (0x4)
 *(.rodata)
 *(.rodata*)
 .rodata.HAL_DCMI_ErrorCallback.str1.4
                0x0800848c       0xd9 build/main.o
                                 0x1a (size before relaxing)
 .rodata.sendPicture.str1.4
                0x08008565        0x5 build/main.o
 .rodata.main.str1.4
                0x08008565       0x7a build/main.o
 *fill*         0x08008565        0x3 
 .rodata.flagBitshiftOffset.0
                0x08008568        0x8 build/stm32h7xx_hal_dma.o
 .rodata.UARTPrescTable
                0x08008570       0x18 build/stm32h7xx_hal_uart.o
                0x08008570                UARTPrescTable
 .rodata.denominator.0
                0x08008588        0x8 build/stm32h7xx_hal_uart_ex.o
 .rodata.numerator.1
                0x08008590        0x8 build/stm32h7xx_hal_uart_ex.o
 .rodata.D1CorePrescTable
                0x08008598       0x10 build/system_stm32h7xx.o
                0x08008598                D1CorePrescTable
 .rodata.regs.0
                0x080085a8       0x38 build/ov5640.o
 .rodata.regs.1
                0x080085e0       0x28 build/ov5640.o
 .rodata.OV5640_WVGA.7
                0x08008608       0x10 build/ov5640.o
 .rodata.OV5640_VGA.8
                0x08008618       0x10 build/ov5640.o
 .rodata.OV5640_480x272.9
                0x08008628       0x10 build/ov5640.o
 .rodata.OV5640_QVGA.10
                0x08008638       0x10 build/ov5640.o
 .rodata.OV5640_QQVGA.11
                0x08008648       0x10 build/ov5640.o
 .rodata.OV5640_PF_RGB565.12
                0x08008658        0x8 build/ov5640.o
 .rodata.OV5640_PF_JPEG.13
                0x08008660        0x8 build/ov5640.o
 .rodata.OV5640_PF_Y8.14
                0x08008668        0x8 build/ov5640.o
 .rodata.OV5640_PF_RGB888.15
                0x08008670        0x8 build/ov5640.o
 .rodata.OV5640_PF_YUV422.16
                0x08008678        0x8 build/ov5640.o
 .rodata.OV5640_Common.17
                0x08008680      0x3d8 build/ov5640.o
 .rodata.str1.4
                0x08008a58       0x13 /usr/lib/gcc/arm-none-eabi/13.2.1/../../../arm-none-eabi/lib/thumb/v7e-m+dp/hard/libc_nano.a(libc_a-nano-svfprintf.o)
 .rodata.str1.4
                0x08008a58       0x25 /usr/lib/gcc/arm-none-eabi/13.2.1/../../../arm-none-eabi/lib/thumb/v7e-m+dp/hard/libc_nano.a(libc_a-nano-vfprintf_i.o)
                0x08008a80                        . = ALIGN (0x4)

.ARM.extab      0x08008a58        0x0
                0x08008a58                        . = ALIGN (0x4)
 *(.ARM.extab* .gnu.linkonce.armextab.*)
                0x08008a58                        . = ALIGN (0x4)

.ARM            0x08008a58        0x8
                0x08008a58                        . = ALIGN (0x4)
                0x08008a58                        __exidx_start = .
 *(.ARM.exidx*)
 .ARM.exidx     0x08008a58        0x8 /usr/lib/gcc/arm-none-eabi/13.2.1/../../../arm-none-eabi/lib/thumb/v7e-m+dp/hard/libc_nano.a(libc_a-memchr.o)
 .ARM.exidx     0x08008a60        0x0 /usr/lib/gcc/arm-none-eabi/13.2.1/../../../arm-none-eabi/lib/thumb/v7e-m+dp/hard/libc_nano.a(libc_a-memcpy.o)
                                  0x8 (size before relaxing)
 .ARM.exidx     0x08008a60        0x0 /usr/lib/gcc/arm-none-eabi/13.2.1/thumb/v7e-m+dp/hard/libgcc.a(_udivmoddi4.o)
                                  0x8 (size before relaxing)
                0x08008a60                        __exidx_end = .
                0x08008a60                        . = ALIGN (0x4)

.preinit_array  0x08008a60        0x0
                0x08008a60                        . = ALIGN (0x4)
                0x08008a60                        PROVIDE (__preinit_array_start = .)
 *(.preinit_array*)
                0x08008a60                        PROVIDE (__preinit_array_end = .)
                0x08008a60                        . = ALIGN (0x4)

.init_array     0x08008a60        0x4
                0x08008a60                        . = ALIGN (0x4)
                0x08008a60                        PROVIDE (__init_array_start = .)
 *(SORT_BY_NAME(.init_array.*))
 *(.init_array*)
 .init_array    0x08008a60        0x4 /usr/lib/gcc/arm-none-eabi/13.2.1/thumb/v7e-m+dp/hard/crtbegin.o
                0x08008a64                        PROVIDE (__init_array_end = .)
                0x08008a64                        . = ALIGN (0x4)

.fini_array     0x08008a64        0x4
                0x08008a64                        . = ALIGN (0x4)
                0x08008a64                        PROVIDE (__fini_array_start = .)
 *(SORT_BY_NAME(.fini_array.*))
 *(.fini_array*)
 .fini_array    0x08008a64        0x4 /usr/lib/gcc/arm-none-eabi/13.2.1/thumb/v7e-m+dp/hard/crtbegin.o
                0x08008a68                        PROVIDE (__fini_array_end = .)
                0x08008a68                        . = ALIGN (0x4)
                0x08008a68                        _sidata = LOADADDR (.data)

.rel.dyn        0x08008a68        0x0
 .rel.iplt      0x08008a68        0x0 /usr/lib/gcc/arm-none-eabi/13.2.1/thumb/v7e-m+dp/hard/crtbegin.o

.data           0x20000000       0x60 load address 0x08008a68
                0x20000000                        . = ALIGN (0x4)
                0x20000000                        _sdata = .
 *(.data)
 .data          0x20000000       0x50 /usr/lib/gcc/arm-none-eabi/13.2.1/../../../arm-none-eabi/lib/thumb/v7e-m+dp/hard/libc_nano.a(libc_a-impure.o)
                0x20000000                _impure_ptr
                0x20000004                _impure_data
 *(.data*)
 .data.uwTickFreq
                0x20000050        0x1 build/stm32h7xx_hal.o
                0x20000050                uwTickFreq
 *fill*         0x20000051        0x3 
 .data.uwTickPrio
                0x20000054        0x4 build/stm32h7xx_hal.o
                0x20000054                uwTickPrio
 .data.SystemD2Clock
                0x20000058        0x4 build/system_stm32h7xx.o
                0x20000058                SystemD2Clock
 .data.SystemCoreClock
                0x2000005c        0x4 build/system_stm32h7xx.o
                0x2000005c                SystemCoreClock
 *(.RamFunc)
 *(.RamFunc*)
                0x20000060                        . = ALIGN (0x4)
                0x20000060                        _edata = .

.tm_clone_table
                0x20000060        0x0 load address 0x08008ac8
 .tm_clone_table
                0x20000060        0x0 /usr/lib/gcc/arm-none-eabi/13.2.1/thumb/v7e-m+dp/hard/crtbegin.o
 .tm_clone_table
                0x20000060        0x0 /usr/lib/gcc/arm-none-eabi/13.2.1/thumb/v7e-m+dp/hard/crtend.o

.igot.plt       0x20000060        0x0 load address 0x08008ac8
 .igot.plt      0x20000060        0x0 /usr/lib/gcc/arm-none-eabi/13.2.1/thumb/v7e-m+dp/hard/crtbegin.o
                0x20000060                        . = ALIGN (0x4)

.bss            0x20000060      0x3f0 load address 0x08008ac8
                0x20000060                        _sbss = .
                0x20000060                        __bss_start__ = _sbss
 *(.bss)
 .bss           0x20000060       0x1c /usr/lib/gcc/arm-none-eabi/13.2.1/thumb/v7e-m+dp/hard/crtbegin.o
 .bss           0x2000007c      0x13c /usr/lib/gcc/arm-none-eabi/13.2.1/../../../arm-none-eabi/lib/thumb/v7e-m+dp/hard/libc_nano.a(libc_a-findfp.o)
                0x2000007c                __sf
                0x200001b4                __stdio_exit_handler
 .bss           0x200001b8        0x8 /usr/lib/gcc/arm-none-eabi/13.2.1/../../../arm-none-eabi/lib/thumb/v7e-m+dp/hard/libc_nano.a(libc_a-mallocr.o)
                0x200001b8                __malloc_sbrk_start
                0x200001bc                __malloc_free_list
 .bss           0x200001c0        0x4 /usr/lib/gcc/arm-none-eabi/13.2.1/../../../arm-none-eabi/lib/thumb/v7e-m+dp/hard/libc_nano.a(libc_a-reent.o)
                0x200001c0                errno
 *(.bss*)
 .bss.OV5640driverInterface
                0x200001c4       0x18 build/main.o
                0x200001c4                OV5640driverInterface
 .bss.CameraObj
                0x200001dc       0x2c build/main.o
                0x200001dc                CameraObj
 .bss.UARTbuffer
                0x20000208       0x32 build/main.o
                0x20000208                UARTbuffer
 *fill*         0x2000023a        0x2 
 .bss.snprintfWritten
                0x2000023c        0x4 build/main.o
                0x2000023c                snprintfWritten
 .bss.captured  0x20000240        0x1 build/main.o
                0x20000240                captured
 *fill*         0x20000241        0x3 
 .bss.huart2    0x20000244       0x94 build/main.o
                0x20000244                huart2
 .bss.hi2c2     0x200002d8       0x54 build/main.o
                0x200002d8                hi2c2
 .bss.hi2c1     0x2000032c       0x54 build/main.o
                0x2000032c                hi2c1
 .bss.hdma_dcmi
                0x20000380       0x78 build/main.o
                0x20000380                hdma_dcmi
 .bss.hdcmi     0x200003f8       0x50 build/main.o
                0x200003f8                hdcmi
 .bss.uwTick    0x20000448        0x4 build/stm32h7xx_hal.o
                0x20000448                uwTick
 .bss.__sbrk_heap_end
                0x2000044c        0x4 build/sysmem.o
 *(COMMON)
                0x20000450                        . = ALIGN (0x4)
                0x20000450                        _ebss = .
                0x20000450                        __bss_end__ = _ebss

.RAM_D1         0x24000000     0x9600
                0x24000000                        . = ALIGN (0x20)
 *(.RAM_D1)
 .RAM_D1        0x24000000     0x9600 build/main.o
                0x24000000                frameBuffer
                0x24009600                        . = ALIGN (0x20)

._user_heap_stack
                0x20000450      0x600
                0x20000450                        . = ALIGN (0x8)
                [!provide]                        PROVIDE (end = .)
                0x20000450                        PROVIDE (_end = .)
                0x20000650                        . = (. + _Min_Heap_Size)
 *fill*         0x20000450      0x200 
                0x20000a50                        . = (. + _Min_Stack_Size)
 *fill*         0x20000650      0x400 
                0x20000a50                        . = ALIGN (0x8)

/DISCARD/
 libc.a(*)
 libm.a(*)
 libgcc.a(*)
OUTPUT(build/neptune-camera.elf elf32-littlearm)
LOAD linker stubs
LOAD /usr/lib/gcc/arm-none-eabi/13.2.1/../../../arm-none-eabi/lib/thumb/v7e-m+dp/hard/libc.a
LOAD /usr/lib/gcc/arm-none-eabi/13.2.1/../../../arm-none-eabi/lib/thumb/v7e-m+dp/hard/libm.a
LOAD /usr/lib/gcc/arm-none-eabi/13.2.1/thumb/v7e-m+dp/hard/libgcc.a

.ARM.attributes
                0x00000000       0x2e
 .ARM.attributes
                0x00000000       0x20 /usr/lib/gcc/arm-none-eabi/13.2.1/thumb/v7e-m+dp/hard/crti.o
 .ARM.attributes
                0x00000020       0x32 /usr/lib/gcc/arm-none-eabi/13.2.1/thumb/v7e-m+dp/hard/crtbegin.o
 .ARM.attributes
                0x00000052       0x32 build/main.o
 .ARM.attributes
                0x00000084       0x32 build/stm32h7xx_it.o
 .ARM.attributes
                0x000000b6       0x32 build/stm32h7xx_hal_msp.o
 .ARM.attributes
                0x000000e8       0x32 build/stm32h7xx_hal_cortex.o
 .ARM.attributes
                0x0000011a       0x32 build/stm32h7xx_hal_dcmi.o
 .ARM.attributes
                0x0000014c       0x32 build/stm32h7xx_hal_rcc.o
 .ARM.attributes
                0x0000017e       0x32 build/stm32h7xx_hal_rcc_ex.o
 .ARM.attributes
                0x000001b0       0x32 build/stm32h7xx_hal_gpio.o
 .ARM.attributes
                0x000001e2       0x32 build/stm32h7xx_hal_dma.o
 .ARM.attributes
                0x00000214       0x32 build/stm32h7xx_hal_dma_ex.o
 .ARM.attributes
                0x00000246       0x32 build/stm32h7xx_hal_pwr_ex.o
 .ARM.attributes
                0x00000278       0x32 build/stm32h7xx_hal.o
 .ARM.attributes
                0x000002aa       0x32 build/stm32h7xx_hal_i2c.o
 .ARM.attributes
                0x000002dc       0x32 build/stm32h7xx_hal_i2c_ex.o
 .ARM.attributes
                0x0000030e       0x32 build/stm32h7xx_hal_uart.o
 .ARM.attributes
                0x00000340       0x32 build/stm32h7xx_hal_uart_ex.o
 .ARM.attributes
                0x00000372       0x32 build/system_stm32h7xx.o
 .ARM.attributes
                0x000003a4       0x32 build/sysmem.o
 .ARM.attributes
                0x000003d6       0x32 build/ov5640.o
 .ARM.attributes
                0x00000408       0x32 build/ov5640_reg.o
 .ARM.attributes
                0x0000043a       0x21 build/startup_stm32h743xx.o
 .ARM.attributes
                0x0000045b       0x32 /usr/lib/gcc/arm-none-eabi/13.2.1/../../../arm-none-eabi/lib/thumb/v7e-m+dp/hard/libc_nano.a(libc_a-init.o)
 .ARM.attributes
                0x0000048d       0x32 /usr/lib/gcc/arm-none-eabi/13.2.1/../../../arm-none-eabi/lib/thumb/v7e-m+dp/hard/libc_nano.a(libc_a-memset.o)
 .ARM.attributes
                0x000004bf       0x32 /usr/lib/gcc/arm-none-eabi/13.2.1/../../../arm-none-eabi/lib/thumb/v7e-m+dp/hard/libc_nano.a(libc_a-errno.o)
 .ARM.attributes
                0x000004f1       0x32 /usr/lib/gcc/arm-none-eabi/13.2.1/../../../arm-none-eabi/lib/thumb/v7e-m+dp/hard/libc_nano.a(libc_a-snprintf.o)
 .ARM.attributes
                0x00000523       0x32 /usr/lib/gcc/arm-none-eabi/13.2.1/../../../arm-none-eabi/lib/thumb/v7e-m+dp/hard/libc_nano.a(libc_a-impure.o)
 .ARM.attributes
                0x00000555       0x32 /usr/lib/gcc/arm-none-eabi/13.2.1/../../../arm-none-eabi/lib/thumb/v7e-m+dp/hard/libc_nano.a(libc_a-nano-svfprintf.o)
 .ARM.attributes
                0x00000587       0x32 /usr/lib/gcc/arm-none-eabi/13.2.1/../../../arm-none-eabi/lib/thumb/v7e-m+dp/hard/libc_nano.a(libc_a-findfp.o)
 .ARM.attributes
                0x000005b9       0x32 /usr/lib/gcc/arm-none-eabi/13.2.1/../../../arm-none-eabi/lib/thumb/v7e-m+dp/hard/libc_nano.a(libc_a-mallocr.o)
 .ARM.attributes
                0x000005eb       0x32 /usr/lib/gcc/arm-none-eabi/13.2.1/../../../arm-none-eabi/lib/thumb/v7e-m+dp/hard/libc_nano.a(libc_a-freer.o)
 .ARM.attributes
                0x0000061d       0x32 /usr/lib/gcc/arm-none-eabi/13.2.1/../../../arm-none-eabi/lib/thumb/v7e-m+dp/hard/libc_nano.a(libc_a-memmove.o)
 .ARM.attributes
                0x0000064f       0x1c /usr/lib/gcc/arm-none-eabi/13.2.1/../../../arm-none-eabi/lib/thumb/v7e-m+dp/hard/libc_nano.a(libc_a-memchr.o)
 .ARM.attributes
                0x0000066b       0x1e /usr/lib/gcc/arm-none-eabi/13.2.1/../../../arm-none-eabi/lib/thumb/v7e-m+dp/hard/libc_nano.a(libc_a-memcpy.o)
 .ARM.attributes
                0x00000689       0x32 /usr/lib/gcc/arm-none-eabi/13.2.1/../../../arm-none-eabi/lib/thumb/v7e-m+dp/hard/libc_nano.a(libc_a-reallocr.o)
 .ARM.attributes
                0x000006bb       0x32 /usr/lib/gcc/arm-none-eabi/13.2.1/../../../arm-none-eabi/lib/thumb/v7e-m+dp/hard/libc_nano.a(libc_a-nano-vfprintf_i.o)
 .ARM.attributes
                0x000006ed       0x32 /usr/lib/gcc/arm-none-eabi/13.2.1/../../../arm-none-eabi/lib/thumb/v7e-m+dp/hard/libc_nano.a(libc_a-mlock.o)
 .ARM.attributes
                0x0000071f       0x32 /usr/lib/gcc/arm-none-eabi/13.2.1/../../../arm-none-eabi/lib/thumb/v7e-m+dp/hard/libc_nano.a(libc_a-sbrkr.o)
 .ARM.attributes
                0x00000751       0x32 /usr/lib/gcc/arm-none-eabi/13.2.1/../../../arm-none-eabi/lib/thumb/v7e-m+dp/hard/libc_nano.a(libc_a-msizer.o)
 .ARM.attributes
                0x00000783       0x32 /usr/lib/gcc/arm-none-eabi/13.2.1/../../../arm-none-eabi/lib/thumb/v7e-m+dp/hard/libc_nano.a(libc_a-reent.o)
 .ARM.attributes
                0x000007b5       0x20 /usr/lib/gcc/arm-none-eabi/13.2.1/thumb/v7e-m+dp/hard/libgcc.a(_aeabi_uldivmod.o)
 .ARM.attributes
                0x000007d5       0x32 /usr/lib/gcc/arm-none-eabi/13.2.1/thumb/v7e-m+dp/hard/libgcc.a(_udivmoddi4.o)
 .ARM.attributes
                0x00000807       0x20 /usr/lib/gcc/arm-none-eabi/13.2.1/thumb/v7e-m+dp/hard/libgcc.a(_dvmd_tls.o)
 .ARM.attributes
                0x00000827       0x32 /usr/lib/gcc/arm-none-eabi/13.2.1/thumb/v7e-m+dp/hard/crtend.o
 .ARM.attributes
                0x00000859       0x20 /usr/lib/gcc/arm-none-eabi/13.2.1/thumb/v7e-m+dp/hard/crtn.o

.comment        0x00000000       0x26
 .comment       0x00000000       0x26 /usr/lib/gcc/arm-none-eabi/13.2.1/thumb/v7e-m+dp/hard/crtbegin.o
                                 0x27 (size before relaxing)
 .comment       0x00000026       0x27 build/main.o
 .comment       0x00000026       0x27 build/stm32h7xx_it.o
 .comment       0x00000026       0x27 build/stm32h7xx_hal_msp.o
 .comment       0x00000026       0x27 build/stm32h7xx_hal_cortex.o
 .comment       0x00000026       0x27 build/stm32h7xx_hal_dcmi.o
 .comment       0x00000026       0x27 build/stm32h7xx_hal_rcc.o
 .comment       0x00000026       0x27 build/stm32h7xx_hal_rcc_ex.o
 .comment       0x00000026       0x27 build/stm32h7xx_hal_gpio.o
 .comment       0x00000026       0x27 build/stm32h7xx_hal_dma.o
 .comment       0x00000026       0x27 build/stm32h7xx_hal_dma_ex.o
 .comment       0x00000026       0x27 build/stm32h7xx_hal_pwr_ex.o
 .comment       0x00000026       0x27 build/stm32h7xx_hal.o
 .comment       0x00000026       0x27 build/stm32h7xx_hal_i2c.o
 .comment       0x00000026       0x27 build/stm32h7xx_hal_i2c_ex.o
 .comment       0x00000026       0x27 build/stm32h7xx_hal_uart.o
 .comment       0x00000026       0x27 build/stm32h7xx_hal_uart_ex.o
 .comment       0x00000026       0x27 build/system_stm32h7xx.o
 .comment       0x00000026       0x27 build/sysmem.o
 .comment       0x00000026       0x27 build/ov5640.o
 .comment       0x00000026       0x27 build/ov5640_reg.o
 .comment       0x00000026       0x27 /usr/lib/gcc/arm-none-eabi/13.2.1/../../../arm-none-eabi/lib/thumb/v7e-m+dp/hard/libc_nano.a(libc_a-init.o)
 .comment       0x00000026       0x27 /usr/lib/gcc/arm-none-eabi/13.2.1/../../../arm-none-eabi/lib/thumb/v7e-m+dp/hard/libc_nano.a(libc_a-memset.o)
 .comment       0x00000026       0x27 /usr/lib/gcc/arm-none-eabi/13.2.1/../../../arm-none-eabi/lib/thumb/v7e-m+dp/hard/libc_nano.a(libc_a-errno.o)
 .comment       0x00000026       0x27 /usr/lib/gcc/arm-none-eabi/13.2.1/../../../arm-none-eabi/lib/thumb/v7e-m+dp/hard/libc_nano.a(libc_a-snprintf.o)
 .comment       0x00000026       0x27 /usr/lib/gcc/arm-none-eabi/13.2.1/../../../arm-none-eabi/lib/thumb/v7e-m+dp/hard/libc_nano.a(libc_a-impure.o)
 .comment       0x00000026       0x27 /usr/lib/gcc/arm-none-eabi/13.2.1/../../../arm-none-eabi/lib/thumb/v7e-m+dp/hard/libc_nano.a(libc_a-nano-svfprintf.o)
 .comment       0x00000026       0x27 /usr/lib/gcc/arm-none-eabi/13.2.1/../../../arm-none-eabi/lib/thumb/v7e-m+dp/hard/libc_nano.a(libc_a-findfp.o)
 .comment       0x00000026       0x27 /usr/lib/gcc/arm-none-eabi/13.2.1/../../../arm-none-eabi/lib/thumb/v7e-m+dp/hard/libc_nano.a(libc_a-mallocr.o)
 .comment       0x00000026       0x27 /usr/lib/gcc/arm-none-eabi/13.2.1/../../../arm-none-eabi/lib/thumb/v7e-m+dp/hard/libc_nano.a(libc_a-freer.o)
 .comment       0x00000026       0x27 /usr/lib/gcc/arm-none-eabi/13.2.1/../../../arm-none-eabi/lib/thumb/v7e-m+dp/hard/libc_nano.a(libc_a-memmove.o)
 .comment       0x00000026       0x27 /usr/lib/gcc/arm-none-eabi/13.2.1/../../../arm-none-eabi/lib/thumb/v7e-m+dp/hard/libc_nano.a(libc_a-reallocr.o)
 .comment       0x00000026       0x27 /usr/lib/gcc/arm-none-eabi/13.2.1/../../../arm-none-eabi/lib/thumb/v7e-m+dp/hard/libc_nano.a(libc_a-nano-vfprintf_i.o)
 .comment       0x00000026       0x27 /usr/lib/gcc/arm-none-eabi/13.2.1/../../../arm-none-eabi/lib/thumb/v7e-m+dp/hard/libc_nano.a(libc_a-mlock.o)
 .comment       0x00000026       0x27 /usr/lib/gcc/arm-none-eabi/13.2.1/../../../arm-none-eabi/lib/thumb/v7e-m+dp/hard/libc_nano.a(libc_a-sbrkr.o)
 .comment       0x00000026       0x27 /usr/lib/gcc/arm-none-eabi/13.2.1/../../../arm-none-eabi/lib/thumb/v7e-m+dp/hard/libc_nano.a(libc_a-msizer.o)
 .comment       0x00000026       0x27 /usr/lib/gcc/arm-none-eabi/13.2.1/../../../arm-none-eabi/lib/thumb/v7e-m+dp/hard/libc_nano.a(libc_a-reent.o)
 .comment       0x00000026       0x27 /usr/lib/gcc/arm-none-eabi/13.2.1/thumb/v7e-m+dp/hard/libgcc.a(_udivmoddi4.o)
 .comment       0x00000026       0x27 /usr/lib/gcc/arm-none-eabi/13.2.1/thumb/v7e-m+dp/hard/crtend.o

.debug_info     0x00000000    0x2ab8d
 .debug_info    0x00000000     0x2ff8 build/main.o
 .debug_info    0x00002ff8      0xc63 build/stm32h7xx_it.o
 .debug_info    0x00003c5b     0x22e1 build/stm32h7xx_hal_msp.o
 .debug_info    0x00005f3c     0x1569 build/stm32h7xx_hal_cortex.o
 .debug_info    0x000074a5      0xf07 build/stm32h7xx_hal_dcmi.o
 .debug_info    0x000083ac     0x13f8 build/stm32h7xx_hal_rcc.o
 .debug_info    0x000097a4     0x1ce1 build/stm32h7xx_hal_rcc_ex.o
 .debug_info    0x0000b485      0xed9 build/stm32h7xx_hal_gpio.o
 .debug_info    0x0000c35e     0x10b9 build/stm32h7xx_hal_dma.o
 .debug_info    0x0000d417      0x9f6 build/stm32h7xx_hal_dma_ex.o
 .debug_info    0x0000de0d     0x13f4 build/stm32h7xx_hal_pwr_ex.o
 .debug_info    0x0000f201     0x18f2 build/stm32h7xx_hal.o
 .debug_info    0x00010af3     0x48ea build/stm32h7xx_hal_i2c.o
 .debug_info    0x000153dd      0xfca build/stm32h7xx_hal_i2c_ex.o
 .debug_info    0x000163a7     0x6af1 build/stm32h7xx_hal_uart.o
 .debug_info    0x0001ce98     0x13d9 build/stm32h7xx_hal_uart_ex.o
 .debug_info    0x0001e271      0xf8d build/system_stm32h7xx.o
 .debug_info    0x0001f1fe      0x174 build/sysmem.o
 .debug_info    0x0001f372     0x2ca2 build/ov5640.o
 .debug_info    0x00022014      0x265 build/ov5640_reg.o
 .debug_info    0x00022279       0x30 build/startup_stm32h743xx.o
 .debug_info    0x000222a9      0x10b /usr/lib/gcc/arm-none-eabi/13.2.1/../../../arm-none-eabi/lib/thumb/v7e-m+dp/hard/libc_nano.a(libc_a-init.o)
 .debug_info    0x000223b4      0x135 /usr/lib/gcc/arm-none-eabi/13.2.1/../../../arm-none-eabi/lib/thumb/v7e-m+dp/hard/libc_nano.a(libc_a-memset.o)
 .debug_info    0x000224e9      0x6f1 /usr/lib/gcc/arm-none-eabi/13.2.1/../../../arm-none-eabi/lib/thumb/v7e-m+dp/hard/libc_nano.a(libc_a-errno.o)
 .debug_info    0x00022bda      0x8ff /usr/lib/gcc/arm-none-eabi/13.2.1/../../../arm-none-eabi/lib/thumb/v7e-m+dp/hard/libc_nano.a(libc_a-snprintf.o)
 .debug_info    0x000234d9      0x70b /usr/lib/gcc/arm-none-eabi/13.2.1/../../../arm-none-eabi/lib/thumb/v7e-m+dp/hard/libc_nano.a(libc_a-impure.o)
 .debug_info    0x00023be4     0x1092 /usr/lib/gcc/arm-none-eabi/13.2.1/../../../arm-none-eabi/lib/thumb/v7e-m+dp/hard/libc_nano.a(libc_a-nano-svfprintf.o)
 .debug_info    0x00024c76      0xe8c /usr/lib/gcc/arm-none-eabi/13.2.1/../../../arm-none-eabi/lib/thumb/v7e-m+dp/hard/libc_nano.a(libc_a-findfp.o)
 .debug_info    0x00025b02      0x9b6 /usr/lib/gcc/arm-none-eabi/13.2.1/../../../arm-none-eabi/lib/thumb/v7e-m+dp/hard/libc_nano.a(libc_a-mallocr.o)
 .debug_info    0x000264b8      0x87f /usr/lib/gcc/arm-none-eabi/13.2.1/../../../arm-none-eabi/lib/thumb/v7e-m+dp/hard/libc_nano.a(libc_a-freer.o)
 .debug_info    0x00026d37      0x148 /usr/lib/gcc/arm-none-eabi/13.2.1/../../../arm-none-eabi/lib/thumb/v7e-m+dp/hard/libc_nano.a(libc_a-memmove.o)
 .debug_info    0x00026e7f       0x25 /usr/lib/gcc/arm-none-eabi/13.2.1/../../../arm-none-eabi/lib/thumb/v7e-m+dp/hard/libc_nano.a(libc_a-memchr.o)
 .debug_info    0x00026ea4       0x33 /usr/lib/gcc/arm-none-eabi/13.2.1/../../../arm-none-eabi/lib/thumb/v7e-m+dp/hard/libc_nano.a(libc_a-memcpy.o)
 .debug_info    0x00026ed7      0x8cd /usr/lib/gcc/arm-none-eabi/13.2.1/../../../arm-none-eabi/lib/thumb/v7e-m+dp/hard/libc_nano.a(libc_a-reallocr.o)
 .debug_info    0x000277a4      0xdd7 /usr/lib/gcc/arm-none-eabi/13.2.1/../../../arm-none-eabi/lib/thumb/v7e-m+dp/hard/libc_nano.a(libc_a-nano-vfprintf_i.o)
 .debug_info    0x0002857b      0x71c /usr/lib/gcc/arm-none-eabi/13.2.1/../../../arm-none-eabi/lib/thumb/v7e-m+dp/hard/libc_nano.a(libc_a-mlock.o)
 .debug_info    0x00028c97      0x778 /usr/lib/gcc/arm-none-eabi/13.2.1/../../../arm-none-eabi/lib/thumb/v7e-m+dp/hard/libc_nano.a(libc_a-sbrkr.o)
 .debug_info    0x0002940f      0x78a /usr/lib/gcc/arm-none-eabi/13.2.1/../../../arm-none-eabi/lib/thumb/v7e-m+dp/hard/libc_nano.a(libc_a-msizer.o)
 .debug_info    0x00029b99      0x89f /usr/lib/gcc/arm-none-eabi/13.2.1/../../../arm-none-eabi/lib/thumb/v7e-m+dp/hard/libc_nano.a(libc_a-reent.o)
 .debug_info    0x0002a438       0x24 /usr/lib/gcc/arm-none-eabi/13.2.1/thumb/v7e-m+dp/hard/libgcc.a(_aeabi_uldivmod.o)
 .debug_info    0x0002a45c      0x6f5 /usr/lib/gcc/arm-none-eabi/13.2.1/thumb/v7e-m+dp/hard/libgcc.a(_udivmoddi4.o)
 .debug_info    0x0002ab51       0x3c /usr/lib/gcc/arm-none-eabi/13.2.1/thumb/v7e-m+dp/hard/libgcc.a(_dvmd_tls.o)

.debug_abbrev   0x00000000     0x5243
 .debug_abbrev  0x00000000      0x39e build/main.o
 .debug_abbrev  0x0000039e      0x176 build/stm32h7xx_it.o
 .debug_abbrev  0x00000514      0x27a build/stm32h7xx_hal_msp.o
 .debug_abbrev  0x0000078e      0x3e6 build/stm32h7xx_hal_cortex.o
 .debug_abbrev  0x00000b74      0x296 build/stm32h7xx_hal_dcmi.o
 .debug_abbrev  0x00000e0a      0x29b build/stm32h7xx_hal_rcc.o
 .debug_abbrev  0x000010a5      0x285 build/stm32h7xx_hal_rcc_ex.o
 .debug_abbrev  0x0000132a      0x25a build/stm32h7xx_hal_gpio.o
 .debug_abbrev  0x00001584      0x2ee build/stm32h7xx_hal_dma.o
 .debug_abbrev  0x00001872      0x227 build/stm32h7xx_hal_dma_ex.o
 .debug_abbrev  0x00001a99      0x2ca build/stm32h7xx_hal_pwr_ex.o
 .debug_abbrev  0x00001d63      0x2b1 build/stm32h7xx_hal.o
 .debug_abbrev  0x00002014      0x2e4 build/stm32h7xx_hal_i2c.o
 .debug_abbrev  0x000022f8      0x1c4 build/stm32h7xx_hal_i2c_ex.o
 .debug_abbrev  0x000024bc      0x39a build/stm32h7xx_hal_uart.o
 .debug_abbrev  0x00002856      0x351 build/stm32h7xx_hal_uart_ex.o
 .debug_abbrev  0x00002ba7      0x144 build/system_stm32h7xx.o
 .debug_abbrev  0x00002ceb       0xeb build/sysmem.o
 .debug_abbrev  0x00002dd6      0x2fa build/ov5640.o
 .debug_abbrev  0x000030d0      0x106 build/ov5640_reg.o
 .debug_abbrev  0x000031d6       0x1d build/startup_stm32h743xx.o
 .debug_abbrev  0x000031f3       0xc9 /usr/lib/gcc/arm-none-eabi/13.2.1/../../../arm-none-eabi/lib/thumb/v7e-m+dp/hard/libc_nano.a(libc_a-init.o)
 .debug_abbrev  0x000032bc       0xb7 /usr/lib/gcc/arm-none-eabi/13.2.1/../../../arm-none-eabi/lib/thumb/v7e-m+dp/hard/libc_nano.a(libc_a-memset.o)
 .debug_abbrev  0x00003373      0x15e /usr/lib/gcc/arm-none-eabi/13.2.1/../../../arm-none-eabi/lib/thumb/v7e-m+dp/hard/libc_nano.a(libc_a-errno.o)
 .debug_abbrev  0x000034d1      0x23c /usr/lib/gcc/arm-none-eabi/13.2.1/../../../arm-none-eabi/lib/thumb/v7e-m+dp/hard/libc_nano.a(libc_a-snprintf.o)
 .debug_abbrev  0x0000370d      0x149 /usr/lib/gcc/arm-none-eabi/13.2.1/../../../arm-none-eabi/lib/thumb/v7e-m+dp/hard/libc_nano.a(libc_a-impure.o)
 .debug_abbrev  0x00003856      0x32f /usr/lib/gcc/arm-none-eabi/13.2.1/../../../arm-none-eabi/lib/thumb/v7e-m+dp/hard/libc_nano.a(libc_a-nano-svfprintf.o)
 .debug_abbrev  0x00003b85      0x408 /usr/lib/gcc/arm-none-eabi/13.2.1/../../../arm-none-eabi/lib/thumb/v7e-m+dp/hard/libc_nano.a(libc_a-findfp.o)
 .debug_abbrev  0x00003f8d      0x24a /usr/lib/gcc/arm-none-eabi/13.2.1/../../../arm-none-eabi/lib/thumb/v7e-m+dp/hard/libc_nano.a(libc_a-mallocr.o)
 .debug_abbrev  0x000041d7      0x249 /usr/lib/gcc/arm-none-eabi/13.2.1/../../../arm-none-eabi/lib/thumb/v7e-m+dp/hard/libc_nano.a(libc_a-freer.o)
 .debug_abbrev  0x00004420       0xc3 /usr/lib/gcc/arm-none-eabi/13.2.1/../../../arm-none-eabi/lib/thumb/v7e-m+dp/hard/libc_nano.a(libc_a-memmove.o)
 .debug_abbrev  0x000044e3       0x14 /usr/lib/gcc/arm-none-eabi/13.2.1/../../../arm-none-eabi/lib/thumb/v7e-m+dp/hard/libc_nano.a(libc_a-memchr.o)
 .debug_abbrev  0x000044f7       0x28 /usr/lib/gcc/arm-none-eabi/13.2.1/../../../arm-none-eabi/lib/thumb/v7e-m+dp/hard/libc_nano.a(libc_a-memcpy.o)
 .debug_abbrev  0x0000451f      0x20c /usr/lib/gcc/arm-none-eabi/13.2.1/../../../arm-none-eabi/lib/thumb/v7e-m+dp/hard/libc_nano.a(libc_a-reallocr.o)
 .debug_abbrev  0x0000472b      0x284 /usr/lib/gcc/arm-none-eabi/13.2.1/../../../arm-none-eabi/lib/thumb/v7e-m+dp/hard/libc_nano.a(libc_a-nano-vfprintf_i.o)
 .debug_abbrev  0x000049af      0x192 /usr/lib/gcc/arm-none-eabi/13.2.1/../../../arm-none-eabi/lib/thumb/v7e-m+dp/hard/libc_nano.a(libc_a-mlock.o)
 .debug_abbrev  0x00004b41      0x1da /usr/lib/gcc/arm-none-eabi/13.2.1/../../../arm-none-eabi/lib/thumb/v7e-m+dp/hard/libc_nano.a(libc_a-sbrkr.o)
 .debug_abbrev  0x00004d1b      0x196 /usr/lib/gcc/arm-none-eabi/13.2.1/../../../arm-none-eabi/lib/thumb/v7e-m+dp/hard/libc_nano.a(libc_a-msizer.o)
 .debug_abbrev  0x00004eb1      0x1ee /usr/lib/gcc/arm-none-eabi/13.2.1/../../../arm-none-eabi/lib/thumb/v7e-m+dp/hard/libc_nano.a(libc_a-reent.o)
 .debug_abbrev  0x0000509f       0x14 /usr/lib/gcc/arm-none-eabi/13.2.1/thumb/v7e-m+dp/hard/libgcc.a(_aeabi_uldivmod.o)
 .debug_abbrev  0x000050b3      0x16a /usr/lib/gcc/arm-none-eabi/13.2.1/thumb/v7e-m+dp/hard/libgcc.a(_udivmoddi4.o)
 .debug_abbrev  0x0000521d       0x26 /usr/lib/gcc/arm-none-eabi/13.2.1/thumb/v7e-m+dp/hard/libgcc.a(_dvmd_tls.o)

.debug_loc      0x00000000    0x18136
 .debug_loc     0x00000000      0x4d2 build/main.o
 .debug_loc     0x000004d2       0xa0 build/stm32h7xx_it.o
 .debug_loc     0x00000572      0x347 build/stm32h7xx_hal_msp.o
 .debug_loc     0x000008b9      0x898 build/stm32h7xx_hal_cortex.o
 .debug_loc     0x00001151      0x82c build/stm32h7xx_hal_dcmi.o
 .debug_loc     0x0000197d      0xb18 build/stm32h7xx_hal_rcc.o
 .debug_loc     0x00002495     0x20ec build/stm32h7xx_hal_rcc_ex.o
 .debug_loc     0x00004581      0x4b2 build/stm32h7xx_hal_gpio.o
 .debug_loc     0x00004a33     0x11b8 build/stm32h7xx_hal_dma.o
 .debug_loc     0x00005beb      0xa03 build/stm32h7xx_hal_dma_ex.o
 .debug_loc     0x000065ee      0x6af build/stm32h7xx_hal_pwr_ex.o
 .debug_loc     0x00006c9d      0x59b build/stm32h7xx_hal.o
 .debug_loc     0x00007238     0x6518 build/stm32h7xx_hal_i2c.o
 .debug_loc     0x0000d750      0x243 build/stm32h7xx_hal_i2c_ex.o
 .debug_loc     0x0000d993     0x66e7 build/stm32h7xx_hal_uart.o
 .debug_loc     0x0001407a      0xe75 build/stm32h7xx_hal_uart_ex.o
 .debug_loc     0x00014eef      0x1d8 build/system_stm32h7xx.o
 .debug_loc     0x000150c7       0x90 build/sysmem.o
 .debug_loc     0x00015157     0x2e47 build/ov5640.o
 .debug_loc     0x00017f9e      0x198 build/ov5640_reg.o

.debug_aranges  0x00000000     0x1328
 .debug_aranges
                0x00000000       0xb8 build/main.o
 .debug_aranges
                0x000000b8       0x80 build/stm32h7xx_it.o
 .debug_aranges
                0x00000138       0x50 build/stm32h7xx_hal_msp.o
 .debug_aranges
                0x00000188       0xf8 build/stm32h7xx_hal_cortex.o
 .debug_aranges
                0x00000280       0xc0 build/stm32h7xx_hal_dcmi.o
 .debug_aranges
                0x00000340       0x88 build/stm32h7xx_hal_rcc.o
 .debug_aranges
                0x000003c8       0xf8 build/stm32h7xx_hal_rcc_ex.o
 .debug_aranges
                0x000004c0       0x58 build/stm32h7xx_hal_gpio.o
 .debug_aranges
                0x00000518       0xa0 build/stm32h7xx_hal_dma.o
 .debug_aranges
                0x000005b8       0x60 build/stm32h7xx_hal_dma_ex.o
 .debug_aranges
                0x00000618      0x158 build/stm32h7xx_hal_pwr_ex.o
 .debug_aranges
                0x00000770      0x198 build/stm32h7xx_hal.o
 .debug_aranges
                0x00000908      0x2a0 build/stm32h7xx_hal_i2c.o
 .debug_aranges
                0x00000ba8       0x48 build/stm32h7xx_hal_i2c_ex.o
 .debug_aranges
                0x00000bf0      0x248 build/stm32h7xx_hal_uart.o
 .debug_aranges
                0x00000e38       0xa8 build/stm32h7xx_hal_uart_ex.o
 .debug_aranges
                0x00000ee0       0x30 build/system_stm32h7xx.o
 .debug_aranges
                0x00000f10       0x20 build/sysmem.o
 .debug_aranges
                0x00000f30      0x110 build/ov5640.o
 .debug_aranges
                0x00001040       0x28 build/ov5640_reg.o
 .debug_aranges
                0x00001068       0x28 build/startup_stm32h743xx.o
 .debug_aranges
                0x00001090       0x20 /usr/lib/gcc/arm-none-eabi/13.2.1/../../../arm-none-eabi/lib/thumb/v7e-m+dp/hard/libc_nano.a(libc_a-init.o)
 .debug_aranges
                0x000010b0       0x20 /usr/lib/gcc/arm-none-eabi/13.2.1/../../../arm-none-eabi/lib/thumb/v7e-m+dp/hard/libc_nano.a(libc_a-memset.o)
 .debug_aranges
                0x000010d0       0x20 /usr/lib/gcc/arm-none-eabi/13.2.1/../../../arm-none-eabi/lib/thumb/v7e-m+dp/hard/libc_nano.a(libc_a-errno.o)
 .debug_aranges
                0x000010f0       0x20 /usr/lib/gcc/arm-none-eabi/13.2.1/../../../arm-none-eabi/lib/thumb/v7e-m+dp/hard/libc_nano.a(libc_a-snprintf.o)
 .debug_aranges
                0x00001110       0x18 /usr/lib/gcc/arm-none-eabi/13.2.1/../../../arm-none-eabi/lib/thumb/v7e-m+dp/hard/libc_nano.a(libc_a-impure.o)
 .debug_aranges
                0x00001128       0x20 /usr/lib/gcc/arm-none-eabi/13.2.1/../../../arm-none-eabi/lib/thumb/v7e-m+dp/hard/libc_nano.a(libc_a-nano-svfprintf.o)
 .debug_aranges
                0x00001148       0x20 /usr/lib/gcc/arm-none-eabi/13.2.1/../../../arm-none-eabi/lib/thumb/v7e-m+dp/hard/libc_nano.a(libc_a-findfp.o)
 .debug_aranges
                0x00001168       0x20 /usr/lib/gcc/arm-none-eabi/13.2.1/../../../arm-none-eabi/lib/thumb/v7e-m+dp/hard/libc_nano.a(libc_a-mallocr.o)
 .debug_aranges
                0x00001188       0x20 /usr/lib/gcc/arm-none-eabi/13.2.1/../../../arm-none-eabi/lib/thumb/v7e-m+dp/hard/libc_nano.a(libc_a-freer.o)
 .debug_aranges
                0x000011a8       0x20 /usr/lib/gcc/arm-none-eabi/13.2.1/../../../arm-none-eabi/lib/thumb/v7e-m+dp/hard/libc_nano.a(libc_a-memmove.o)
 .debug_aranges
                0x000011c8       0x20 /usr/lib/gcc/arm-none-eabi/13.2.1/../../../arm-none-eabi/lib/thumb/v7e-m+dp/hard/libc_nano.a(libc_a-memchr.o)
 .debug_aranges
                0x000011e8       0x20 /usr/lib/gcc/arm-none-eabi/13.2.1/../../../arm-none-eabi/lib/thumb/v7e-m+dp/hard/libc_nano.a(libc_a-memcpy.o)
 .debug_aranges
                0x00001208       0x20 /usr/lib/gcc/arm-none-eabi/13.2.1/../../../arm-none-eabi/lib/thumb/v7e-m+dp/hard/libc_nano.a(libc_a-reallocr.o)
 .debug_aranges
                0x00001228       0x20 /usr/lib/gcc/arm-none-eabi/13.2.1/../../../arm-none-eabi/lib/thumb/v7e-m+dp/hard/libc_nano.a(libc_a-nano-vfprintf_i.o)
 .debug_aranges
                0x00001248       0x20 /usr/lib/gcc/arm-none-eabi/13.2.1/../../../arm-none-eabi/lib/thumb/v7e-m+dp/hard/libc_nano.a(libc_a-mlock.o)
 .debug_aranges
                0x00001268       0x20 /usr/lib/gcc/arm-none-eabi/13.2.1/../../../arm-none-eabi/lib/thumb/v7e-m+dp/hard/libc_nano.a(libc_a-sbrkr.o)
 .debug_aranges
                0x00001288       0x20 /usr/lib/gcc/arm-none-eabi/13.2.1/../../../arm-none-eabi/lib/thumb/v7e-m+dp/hard/libc_nano.a(libc_a-msizer.o)
 .debug_aranges
                0x000012a8       0x20 /usr/lib/gcc/arm-none-eabi/13.2.1/../../../arm-none-eabi/lib/thumb/v7e-m+dp/hard/libc_nano.a(libc_a-reent.o)
 .debug_aranges
                0x000012c8       0x20 /usr/lib/gcc/arm-none-eabi/13.2.1/thumb/v7e-m+dp/hard/libgcc.a(_aeabi_uldivmod.o)
 .debug_aranges
                0x000012e8       0x20 /usr/lib/gcc/arm-none-eabi/13.2.1/thumb/v7e-m+dp/hard/libgcc.a(_udivmoddi4.o)
 .debug_aranges
                0x00001308       0x20 /usr/lib/gcc/arm-none-eabi/13.2.1/thumb/v7e-m+dp/hard/libgcc.a(_dvmd_tls.o)

.debug_ranges   0x00000000     0x1060
 .debug_ranges  0x00000000       0xa8 build/main.o
 .debug_ranges  0x000000a8       0x70 build/stm32h7xx_it.o
 .debug_ranges  0x00000118       0x40 build/stm32h7xx_hal_msp.o
 .debug_ranges  0x00000158       0xe8 build/stm32h7xx_hal_cortex.o
 .debug_ranges  0x00000240       0xb0 build/stm32h7xx_hal_dcmi.o
 .debug_ranges  0x000002f0       0xe8 build/stm32h7xx_hal_rcc.o
 .debug_ranges  0x000003d8       0xe8 build/stm32h7xx_hal_rcc_ex.o
 .debug_ranges  0x000004c0       0x48 build/stm32h7xx_hal_gpio.o
 .debug_ranges  0x00000508       0xa8 build/stm32h7xx_hal_dma.o
 .debug_ranges  0x000005b0       0x50 build/stm32h7xx_hal_dma_ex.o
 .debug_ranges  0x00000600      0x1a8 build/stm32h7xx_hal_pwr_ex.o
 .debug_ranges  0x000007a8      0x188 build/stm32h7xx_hal.o
 .debug_ranges  0x00000930      0x290 build/stm32h7xx_hal_i2c.o
 .debug_ranges  0x00000bc0       0x38 build/stm32h7xx_hal_i2c_ex.o
 .debug_ranges  0x00000bf8      0x250 build/stm32h7xx_hal_uart.o
 .debug_ranges  0x00000e48       0xb0 build/stm32h7xx_hal_uart_ex.o
 .debug_ranges  0x00000ef8       0x20 build/system_stm32h7xx.o
 .debug_ranges  0x00000f18       0x10 build/sysmem.o
 .debug_ranges  0x00000f28      0x100 build/ov5640.o
 .debug_ranges  0x00001028       0x18 build/ov5640_reg.o
 .debug_ranges  0x00001040       0x20 build/startup_stm32h743xx.o

.debug_line     0x00000000    0x1a2f1
 .debug_line    0x00000000      0xa62 build/main.o
 .debug_line    0x00000a62      0x26f build/stm32h7xx_it.o
 .debug_line    0x00000cd1      0x5aa build/stm32h7xx_hal_msp.o
 .debug_line    0x0000127b      0x7a0 build/stm32h7xx_hal_cortex.o
 .debug_line    0x00001a1b      0xa46 build/stm32h7xx_hal_dcmi.o
 .debug_line    0x00002461     0x1305 build/stm32h7xx_hal_rcc.o
 .debug_line    0x00003766     0x1f44 build/stm32h7xx_hal_rcc_ex.o
 .debug_line    0x000056aa      0x68c build/stm32h7xx_hal_gpio.o
 .debug_line    0x00005d36     0x2333 build/stm32h7xx_hal_dma.o
 .debug_line    0x00008069      0xb0d build/stm32h7xx_hal_dma_ex.o
 .debug_line    0x00008b76      0xa8f build/stm32h7xx_hal_pwr_ex.o
 .debug_line    0x00009605      0x858 build/stm32h7xx_hal.o
 .debug_line    0x00009e5d     0x500d build/stm32h7xx_hal_i2c.o
 .debug_line    0x0000ee6a      0x348 build/stm32h7xx_hal_i2c_ex.o
 .debug_line    0x0000f1b2     0x5168 build/stm32h7xx_hal_uart.o
 .debug_line    0x0001431a      0x9f2 build/stm32h7xx_hal_uart_ex.o
 .debug_line    0x00014d0c      0x3d4 build/system_stm32h7xx.o
 .debug_line    0x000150e0       0xfd build/sysmem.o
 .debug_line    0x000151dd     0x19fd build/ov5640.o
 .debug_line    0x00016bda       0xc9 build/ov5640_reg.o
 .debug_line    0x00016ca3       0x74 build/startup_stm32h743xx.o
 .debug_line    0x00016d17      0x11e /usr/lib/gcc/arm-none-eabi/13.2.1/../../../arm-none-eabi/lib/thumb/v7e-m+dp/hard/libc_nano.a(libc_a-init.o)
 .debug_line    0x00016e35      0x1b6 /usr/lib/gcc/arm-none-eabi/13.2.1/../../../arm-none-eabi/lib/thumb/v7e-m+dp/hard/libc_nano.a(libc_a-memset.o)
 .debug_line    0x00016feb      0x10c /usr/lib/gcc/arm-none-eabi/13.2.1/../../../arm-none-eabi/lib/thumb/v7e-m+dp/hard/libc_nano.a(libc_a-errno.o)
 .debug_line    0x000170f7      0x354 /usr/lib/gcc/arm-none-eabi/13.2.1/../../../arm-none-eabi/lib/thumb/v7e-m+dp/hard/libc_nano.a(libc_a-snprintf.o)
 .debug_line    0x0001744b       0xe7 /usr/lib/gcc/arm-none-eabi/13.2.1/../../../arm-none-eabi/lib/thumb/v7e-m+dp/hard/libc_nano.a(libc_a-impure.o)
 .debug_line    0x00017532      0x854 /usr/lib/gcc/arm-none-eabi/13.2.1/../../../arm-none-eabi/lib/thumb/v7e-m+dp/hard/libc_nano.a(libc_a-nano-svfprintf.o)
 .debug_line    0x00017d86      0x4fc /usr/lib/gcc/arm-none-eabi/13.2.1/../../../arm-none-eabi/lib/thumb/v7e-m+dp/hard/libc_nano.a(libc_a-findfp.o)
 .debug_line    0x00018282      0x446 /usr/lib/gcc/arm-none-eabi/13.2.1/../../../arm-none-eabi/lib/thumb/v7e-m+dp/hard/libc_nano.a(libc_a-mallocr.o)
 .debug_line    0x000186c8      0x2c3 /usr/lib/gcc/arm-none-eabi/13.2.1/../../../arm-none-eabi/lib/thumb/v7e-m+dp/hard/libc_nano.a(libc_a-freer.o)
 .debug_line    0x0001898b      0x1f1 /usr/lib/gcc/arm-none-eabi/13.2.1/../../../arm-none-eabi/lib/thumb/v7e-m+dp/hard/libc_nano.a(libc_a-memmove.o)
 .debug_line    0x00018b7c       0x84 /usr/lib/gcc/arm-none-eabi/13.2.1/../../../arm-none-eabi/lib/thumb/v7e-m+dp/hard/libc_nano.a(libc_a-memchr.o)
 .debug_line    0x00018c00       0xb9 /usr/lib/gcc/arm-none-eabi/13.2.1/../../../arm-none-eabi/lib/thumb/v7e-m+dp/hard/libc_nano.a(libc_a-memcpy.o)
 .debug_line    0x00018cb9      0x1f8 /usr/lib/gcc/arm-none-eabi/13.2.1/../../../arm-none-eabi/lib/thumb/v7e-m+dp/hard/libc_nano.a(libc_a-reallocr.o)
 .debug_line    0x00018eb1      0x75d /usr/lib/gcc/arm-none-eabi/13.2.1/../../../arm-none-eabi/lib/thumb/v7e-m+dp/hard/libc_nano.a(libc_a-nano-vfprintf_i.o)
 .debug_line    0x0001960e      0x153 /usr/lib/gcc/arm-none-eabi/13.2.1/../../../arm-none-eabi/lib/thumb/v7e-m+dp/hard/libc_nano.a(libc_a-mlock.o)
 .debug_line    0x00019761      0x193 /usr/lib/gcc/arm-none-eabi/13.2.1/../../../arm-none-eabi/lib/thumb/v7e-m+dp/hard/libc_nano.a(libc_a-sbrkr.o)
 .debug_line    0x000198f4      0x176 /usr/lib/gcc/arm-none-eabi/13.2.1/../../../arm-none-eabi/lib/thumb/v7e-m+dp/hard/libc_nano.a(libc_a-msizer.o)
 .debug_line    0x00019a6a      0x27b /usr/lib/gcc/arm-none-eabi/13.2.1/../../../arm-none-eabi/lib/thumb/v7e-m+dp/hard/libc_nano.a(libc_a-reent.o)
 .debug_line    0x00019ce5       0x4e /usr/lib/gcc/arm-none-eabi/13.2.1/thumb/v7e-m+dp/hard/libgcc.a(_aeabi_uldivmod.o)
 .debug_line    0x00019d33      0x574 /usr/lib/gcc/arm-none-eabi/13.2.1/thumb/v7e-m+dp/hard/libgcc.a(_udivmoddi4.o)
 .debug_line    0x0001a2a7       0x4a /usr/lib/gcc/arm-none-eabi/13.2.1/thumb/v7e-m+dp/hard/libgcc.a(_dvmd_tls.o)

.debug_str      0x00000000     0x73e7
 .debug_str     0x00000000     0x73e7 build/main.o
                               0x1ecd (size before relaxing)
 .debug_str     0x000073e7      0xabf build/stm32h7xx_it.o
 .debug_str     0x000073e7     0x1b3e build/stm32h7xx_hal_msp.o
 .debug_str     0x000073e7     0x1054 build/stm32h7xx_hal_cortex.o
 .debug_str     0x000073e7      0xa25 build/stm32h7xx_hal_dcmi.o
 .debug_str     0x000073e7      0x9e6 build/stm32h7xx_hal_rcc.o
 .debug_str     0x000073e7      0xef1 build/stm32h7xx_hal_rcc_ex.o
 .debug_str     0x000073e7      0x6aa build/stm32h7xx_hal_gpio.o
 .debug_str     0x000073e7      0x9a2 build/stm32h7xx_hal_dma.o
 .debug_str     0x000073e7      0x7d7 build/stm32h7xx_hal_dma_ex.o
 .debug_str     0x000073e7      0xa27 build/stm32h7xx_hal_pwr_ex.o
 .debug_str     0x000073e7     0x1491 build/stm32h7xx_hal.o
 .debug_str     0x000073e7     0x1152 build/stm32h7xx_hal_i2c.o
 .debug_str     0x000073e7      0xaf7 build/stm32h7xx_hal_i2c_ex.o
 .debug_str     0x000073e7     0x1474 build/stm32h7xx_hal_uart.o
 .debug_str     0x000073e7      0xb73 build/stm32h7xx_hal_uart_ex.o
 .debug_str     0x000073e7      0x74c build/system_stm32h7xx.o
 .debug_str     0x000073e7      0x1fa build/sysmem.o
 .debug_str     0x000073e7      0x97f build/ov5640.o
 .debug_str     0x000073e7      0x203 build/ov5640_reg.o
 .debug_str     0x000073e7       0x6a build/startup_stm32h743xx.o
 .debug_str     0x000073e7      0x1fd /usr/lib/gcc/arm-none-eabi/13.2.1/../../../arm-none-eabi/lib/thumb/v7e-m+dp/hard/libc_nano.a(libc_a-init.o)
 .debug_str     0x000073e7      0x1b0 /usr/lib/gcc/arm-none-eabi/13.2.1/../../../arm-none-eabi/lib/thumb/v7e-m+dp/hard/libc_nano.a(libc_a-memset.o)
 .debug_str     0x000073e7      0x4b9 /usr/lib/gcc/arm-none-eabi/13.2.1/../../../arm-none-eabi/lib/thumb/v7e-m+dp/hard/libc_nano.a(libc_a-errno.o)
 .debug_str     0x000073e7      0x50d /usr/lib/gcc/arm-none-eabi/13.2.1/../../../arm-none-eabi/lib/thumb/v7e-m+dp/hard/libc_nano.a(libc_a-snprintf.o)
 .debug_str     0x000073e7      0x4bf /usr/lib/gcc/arm-none-eabi/13.2.1/../../../arm-none-eabi/lib/thumb/v7e-m+dp/hard/libc_nano.a(libc_a-impure.o)
 .debug_str     0x000073e7      0x808 /usr/lib/gcc/arm-none-eabi/13.2.1/../../../arm-none-eabi/lib/thumb/v7e-m+dp/hard/libc_nano.a(libc_a-nano-svfprintf.o)
 .debug_str     0x000073e7      0x6c2 /usr/lib/gcc/arm-none-eabi/13.2.1/../../../arm-none-eabi/lib/thumb/v7e-m+dp/hard/libc_nano.a(libc_a-findfp.o)
 .debug_str     0x000073e7      0x5a0 /usr/lib/gcc/arm-none-eabi/13.2.1/../../../arm-none-eabi/lib/thumb/v7e-m+dp/hard/libc_nano.a(libc_a-mallocr.o)
 .debug_str     0x000073e7      0x53f /usr/lib/gcc/arm-none-eabi/13.2.1/../../../arm-none-eabi/lib/thumb/v7e-m+dp/hard/libc_nano.a(libc_a-freer.o)
 .debug_str     0x000073e7      0x1cf /usr/lib/gcc/arm-none-eabi/13.2.1/../../../arm-none-eabi/lib/thumb/v7e-m+dp/hard/libc_nano.a(libc_a-memmove.o)
 .debug_str     0x000073e7       0x9e /usr/lib/gcc/arm-none-eabi/13.2.1/../../../arm-none-eabi/lib/thumb/v7e-m+dp/hard/libc_nano.a(libc_a-memchr.o)
 .debug_str     0x000073e7       0xac /usr/lib/gcc/arm-none-eabi/13.2.1/../../../arm-none-eabi/lib/thumb/v7e-m+dp/hard/libc_nano.a(libc_a-memcpy.o)
 .debug_str     0x000073e7      0x535 /usr/lib/gcc/arm-none-eabi/13.2.1/../../../arm-none-eabi/lib/thumb/v7e-m+dp/hard/libc_nano.a(libc_a-reallocr.o)
 .debug_str     0x000073e7      0x79e /usr/lib/gcc/arm-none-eabi/13.2.1/../../../arm-none-eabi/lib/thumb/v7e-m+dp/hard/libc_nano.a(libc_a-nano-vfprintf_i.o)
 .debug_str     0x000073e7      0x4dd /usr/lib/gcc/arm-none-eabi/13.2.1/../../../arm-none-eabi/lib/thumb/v7e-m+dp/hard/libc_nano.a(libc_a-mlock.o)
 .debug_str     0x000073e7      0x4c8 /usr/lib/gcc/arm-none-eabi/13.2.1/../../../arm-none-eabi/lib/thumb/v7e-m+dp/hard/libc_nano.a(libc_a-sbrkr.o)
 .debug_str     0x000073e7      0x508 /usr/lib/gcc/arm-none-eabi/13.2.1/../../../arm-none-eabi/lib/thumb/v7e-m+dp/hard/libc_nano.a(libc_a-msizer.o)
 .debug_str     0x000073e7      0x4de /usr/lib/gcc/arm-none-eabi/13.2.1/../../../arm-none-eabi/lib/thumb/v7e-m+dp/hard/libc_nano.a(libc_a-reent.o)
 .debug_str     0x000073e7       0xa3 /usr/lib/gcc/arm-none-eabi/13.2.1/thumb/v7e-m+dp/hard/libgcc.a(_aeabi_uldivmod.o)
 .debug_str     0x000073e7      0x688 /usr/lib/gcc/arm-none-eabi/13.2.1/thumb/v7e-m+dp/hard/libgcc.a(_udivmoddi4.o)
 .debug_str     0x000073e7       0xc3 /usr/lib/gcc/arm-none-eabi/13.2.1/thumb/v7e-m+dp/hard/libgcc.a(_dvmd_tls.o)

.debug_frame    0x00000000     0x3254
 .debug_frame   0x00000000      0x1fc build/main.o
 .debug_frame   0x000001fc      0x108 build/stm32h7xx_it.o
 .debug_frame   0x00000304       0xe0 build/stm32h7xx_hal_msp.o
 .debug_frame   0x000003e4      0x214 build/stm32h7xx_hal_cortex.o
 .debug_frame   0x000005f8      0x1c0 build/stm32h7xx_hal_dcmi.o
 .debug_frame   0x000007b8      0x18c build/stm32h7xx_hal_rcc.o
 .debug_frame   0x00000944      0x284 build/stm32h7xx_hal_rcc_ex.o
 .debug_frame   0x00000bc8       0xd4 build/stm32h7xx_hal_gpio.o
 .debug_frame   0x00000c9c      0x1f8 build/stm32h7xx_hal_dma.o
 .debug_frame   0x00000e94      0x104 build/stm32h7xx_hal_dma_ex.o
 .debug_frame   0x00000f98      0x2f4 build/stm32h7xx_hal_pwr_ex.o
 .debug_frame   0x0000128c      0x360 build/stm32h7xx_hal.o
 .debug_frame   0x000015ec      0x988 build/stm32h7xx_hal_i2c.o
 .debug_frame   0x00001f74       0x80 build/stm32h7xx_hal_i2c_ex.o
 .debug_frame   0x00001ff4      0x688 build/stm32h7xx_hal_uart.o
 .debug_frame   0x0000267c      0x1c8 build/stm32h7xx_hal_uart_ex.o
 .debug_frame   0x00002844       0x4c build/system_stm32h7xx.o
 .debug_frame   0x00002890       0x28 build/sysmem.o
 .debug_frame   0x000028b8      0x41c build/ov5640.o
 .debug_frame   0x00002cd4       0x40 build/ov5640_reg.o
 .debug_frame   0x00002d14       0x2c /usr/lib/gcc/arm-none-eabi/13.2.1/../../../arm-none-eabi/lib/thumb/v7e-m+dp/hard/libc_nano.a(libc_a-init.o)
 .debug_frame   0x00002d40       0x2c /usr/lib/gcc/arm-none-eabi/13.2.1/../../../arm-none-eabi/lib/thumb/v7e-m+dp/hard/libc_nano.a(libc_a-memset.o)
 .debug_frame   0x00002d6c       0x20 /usr/lib/gcc/arm-none-eabi/13.2.1/../../../arm-none-eabi/lib/thumb/v7e-m+dp/hard/libc_nano.a(libc_a-errno.o)
 .debug_frame   0x00002d8c       0x94 /usr/lib/gcc/arm-none-eabi/13.2.1/../../../arm-none-eabi/lib/thumb/v7e-m+dp/hard/libc_nano.a(libc_a-snprintf.o)
 .debug_frame   0x00002e20       0x98 /usr/lib/gcc/arm-none-eabi/13.2.1/../../../arm-none-eabi/lib/thumb/v7e-m+dp/hard/libc_nano.a(libc_a-nano-svfprintf.o)
 .debug_frame   0x00002eb8       0xf4 /usr/lib/gcc/arm-none-eabi/13.2.1/../../../arm-none-eabi/lib/thumb/v7e-m+dp/hard/libc_nano.a(libc_a-findfp.o)
 .debug_frame   0x00002fac       0x50 /usr/lib/gcc/arm-none-eabi/13.2.1/../../../arm-none-eabi/lib/thumb/v7e-m+dp/hard/libc_nano.a(libc_a-mallocr.o)
 .debug_frame   0x00002ffc       0x58 /usr/lib/gcc/arm-none-eabi/13.2.1/../../../arm-none-eabi/lib/thumb/v7e-m+dp/hard/libc_nano.a(libc_a-freer.o)
 .debug_frame   0x00003054       0x40 /usr/lib/gcc/arm-none-eabi/13.2.1/../../../arm-none-eabi/lib/thumb/v7e-m+dp/hard/libc_nano.a(libc_a-memmove.o)
 .debug_frame   0x00003094       0x38 /usr/lib/gcc/arm-none-eabi/13.2.1/../../../arm-none-eabi/lib/thumb/v7e-m+dp/hard/libc_nano.a(libc_a-reallocr.o)
 .debug_frame   0x000030cc       0x6c /usr/lib/gcc/arm-none-eabi/13.2.1/../../../arm-none-eabi/lib/thumb/v7e-m+dp/hard/libc_nano.a(libc_a-nano-vfprintf_i.o)
 .debug_frame   0x00003138       0x30 /usr/lib/gcc/arm-none-eabi/13.2.1/../../../arm-none-eabi/lib/thumb/v7e-m+dp/hard/libc_nano.a(libc_a-mlock.o)
 .debug_frame   0x00003168       0x2c /usr/lib/gcc/arm-none-eabi/13.2.1/../../../arm-none-eabi/lib/thumb/v7e-m+dp/hard/libc_nano.a(libc_a-sbrkr.o)
 .debug_frame   0x00003194       0x20 /usr/lib/gcc/arm-none-eabi/13.2.1/../../../arm-none-eabi/lib/thumb/v7e-m+dp/hard/libc_nano.a(libc_a-msizer.o)
 .debug_frame   0x000031b4       0x40 /usr/lib/gcc/arm-none-eabi/13.2.1/../../../arm-none-eabi/lib/thumb/v7e-m+dp/hard/libc_nano.a(libc_a-reent.o)
 .debug_frame   0x000031f4       0x2c /usr/lib/gcc/arm-none-eabi/13.2.1/thumb/v7e-m+dp/hard/libgcc.a(_aeabi_uldivmod.o)
 .debug_frame   0x00003220       0x34 /usr/lib/gcc/arm-none-eabi/13.2.1/thumb/v7e-m+dp/hard/libgcc.a(_udivmoddi4.o)

.debug_loclists
                0x00000000     0x21c7
 .debug_loclists
                0x00000000       0x65 /usr/lib/gcc/arm-none-eabi/13.2.1/../../../arm-none-eabi/lib/thumb/v7e-m+dp/hard/libc_nano.a(libc_a-init.o)
 .debug_loclists
                0x00000065      0x1c2 /usr/lib/gcc/arm-none-eabi/13.2.1/../../../arm-none-eabi/lib/thumb/v7e-m+dp/hard/libc_nano.a(libc_a-memset.o)
 .debug_loclists
                0x00000227      0x212 /usr/lib/gcc/arm-none-eabi/13.2.1/../../../arm-none-eabi/lib/thumb/v7e-m+dp/hard/libc_nano.a(libc_a-snprintf.o)
 .debug_loclists
                0x00000439      0x56b /usr/lib/gcc/arm-none-eabi/13.2.1/../../../arm-none-eabi/lib/thumb/v7e-m+dp/hard/libc_nano.a(libc_a-nano-svfprintf.o)
 .debug_loclists
                0x000009a4      0x1d0 /usr/lib/gcc/arm-none-eabi/13.2.1/../../../arm-none-eabi/lib/thumb/v7e-m+dp/hard/libc_nano.a(libc_a-findfp.o)
 .debug_loclists
                0x00000b74      0x263 /usr/lib/gcc/arm-none-eabi/13.2.1/../../../arm-none-eabi/lib/thumb/v7e-m+dp/hard/libc_nano.a(libc_a-mallocr.o)
 .debug_loclists
                0x00000dd7      0x164 /usr/lib/gcc/arm-none-eabi/13.2.1/../../../arm-none-eabi/lib/thumb/v7e-m+dp/hard/libc_nano.a(libc_a-freer.o)
 .debug_loclists
                0x00000f3b      0x233 /usr/lib/gcc/arm-none-eabi/13.2.1/../../../arm-none-eabi/lib/thumb/v7e-m+dp/hard/libc_nano.a(libc_a-memmove.o)
 .debug_loclists
                0x0000116e      0x102 /usr/lib/gcc/arm-none-eabi/13.2.1/../../../arm-none-eabi/lib/thumb/v7e-m+dp/hard/libc_nano.a(libc_a-reallocr.o)
 .debug_loclists
                0x00001270      0x44f /usr/lib/gcc/arm-none-eabi/13.2.1/../../../arm-none-eabi/lib/thumb/v7e-m+dp/hard/libc_nano.a(libc_a-nano-vfprintf_i.o)
 .debug_loclists
                0x000016bf       0x4b /usr/lib/gcc/arm-none-eabi/13.2.1/../../../arm-none-eabi/lib/thumb/v7e-m+dp/hard/libc_nano.a(libc_a-sbrkr.o)
 .debug_loclists
                0x0000170a       0x59 /usr/lib/gcc/arm-none-eabi/13.2.1/../../../arm-none-eabi/lib/thumb/v7e-m+dp/hard/libc_nano.a(libc_a-msizer.o)
 .debug_loclists
                0x00001763       0x80 /usr/lib/gcc/arm-none-eabi/13.2.1/../../../arm-none-eabi/lib/thumb/v7e-m+dp/hard/libc_nano.a(libc_a-reent.o)
 .debug_loclists
                0x000017e3      0x9e4 /usr/lib/gcc/arm-none-eabi/13.2.1/thumb/v7e-m+dp/hard/libgcc.a(_udivmoddi4.o)

.debug_rnglists
                0x00000000      0x1d4
 .debug_rnglists
                0x00000000       0x42 /usr/lib/gcc/arm-none-eabi/13.2.1/../../../arm-none-eabi/lib/thumb/v7e-m+dp/hard/libc_nano.a(libc_a-nano-svfprintf.o)
 .debug_rnglists
                0x00000042       0x77 /usr/lib/gcc/arm-none-eabi/13.2.1/../../../arm-none-eabi/lib/thumb/v7e-m+dp/hard/libc_nano.a(libc_a-findfp.o)
 .debug_rnglists
                0x000000b9       0x1e /usr/lib/gcc/arm-none-eabi/13.2.1/../../../arm-none-eabi/lib/thumb/v7e-m+dp/hard/libc_nano.a(libc_a-mallocr.o)
 .debug_rnglists
                0x000000d7       0x13 /usr/lib/gcc/arm-none-eabi/13.2.1/../../../arm-none-eabi/lib/thumb/v7e-m+dp/hard/libc_nano.a(libc_a-freer.o)
 .debug_rnglists
                0x000000ea       0x66 /usr/lib/gcc/arm-none-eabi/13.2.1/../../../arm-none-eabi/lib/thumb/v7e-m+dp/hard/libc_nano.a(libc_a-nano-vfprintf_i.o)
 .debug_rnglists
                0x00000150       0x84 /usr/lib/gcc/arm-none-eabi/13.2.1/thumb/v7e-m+dp/hard/libgcc.a(_udivmoddi4.o)

.debug_line_str
                0x00000000      0x145
 .debug_line_str
                0x00000000      0x145 /usr/lib/gcc/arm-none-eabi/13.2.1/../../../arm-none-eabi/lib/thumb/v7e-m+dp/hard/libc_nano.a(libc_a-memchr.o)
                                 0x92 (size before relaxing)
 .debug_line_str
                0x00000145       0x99 /usr/lib/gcc/arm-none-eabi/13.2.1/../../../arm-none-eabi/lib/thumb/v7e-m+dp/hard/libc_nano.a(libc_a-memcpy.o)
 .debug_line_str
                0x00000145       0x97 /usr/lib/gcc/arm-none-eabi/13.2.1/thumb/v7e-m+dp/hard/libgcc.a(_aeabi_uldivmod.o)
 .debug_line_str
                0x00000145       0x9b /usr/lib/gcc/arm-none-eabi/13.2.1/thumb/v7e-m+dp/hard/libgcc.a(_dvmd_tls.o)

Cross Reference Table

Symbol                                            File
ADC3_IRQHandler                                   build/startup_stm32h743xx.o
ADC_IRQHandler                                    build/startup_stm32h743xx.o
BDMA_Channel0_IRQHandler                          build/startup_stm32h743xx.o
BDMA_Channel1_IRQHandler                          build/startup_stm32h743xx.o
BDMA_Channel2_IRQHandler                          build/startup_stm32h743xx.o
BDMA_Channel3_IRQHandler                          build/startup_stm32h743xx.o
BDMA_Channel4_IRQHandler                          build/startup_stm32h743xx.o
BDMA_Channel5_IRQHandler                          build/startup_stm32h743xx.o
BDMA_Channel6_IRQHandler                          build/startup_stm32h743xx.o
BDMA_Channel7_IRQHandler                          build/startup_stm32h743xx.o
BusFault_Handler                                  build/stm32h7xx_it.o
CEC_IRQHandler                                    build/startup_stm32h743xx.o
COMP1_IRQHandler                                  build/startup_stm32h743xx.o
CRS_IRQHandler                                    build/startup_stm32h743xx.o
CameraObj                                         build/main.o
D1CorePrescTable                                  build/system_stm32h7xx.o
                                                  build/stm32h7xx_hal.o
                                                  build/stm32h7xx_hal_rcc_ex.o
                                                  build/stm32h7xx_hal_rcc.o
DCMI_IRQHandler                                   build/stm32h7xx_it.o
DFSDM1_FLT0_IRQHandler                            build/startup_stm32h743xx.o
DFSDM1_FLT1_IRQHandler                            build/startup_stm32h743xx.o
DFSDM1_FLT2_IRQHandler                            build/startup_stm32h743xx.o
DFSDM1_FLT3_IRQHandler                            build/startup_stm32h743xx.o
DMA1_Stream0_IRQHandler                           build/startup_stm32h743xx.o
DMA1_Stream1_IRQHandler                           build/startup_stm32h743xx.o
DMA1_Stream2_IRQHandler                           build/startup_stm32h743xx.o
DMA1_Stream3_IRQHandler                           build/startup_stm32h743xx.o
DMA1_Stream4_IRQHandler                           build/startup_stm32h743xx.o
DMA1_Stream5_IRQHandler                           build/startup_stm32h743xx.o
DMA1_Stream6_IRQHandler                           build/startup_stm32h743xx.o
DMA1_Stream7_IRQHandler                           build/startup_stm32h743xx.o
DMA2D_IRQHandler                                  build/startup_stm32h743xx.o
DMA2_Stream0_IRQHandler                           build/startup_stm32h743xx.o
DMA2_Stream1_IRQHandler                           build/stm32h7xx_it.o
DMA2_Stream2_IRQHandler                           build/startup_stm32h743xx.o
DMA2_Stream3_IRQHandler                           build/startup_stm32h743xx.o
DMA2_Stream4_IRQHandler                           build/startup_stm32h743xx.o
DMA2_Stream5_IRQHandler                           build/startup_stm32h743xx.o
DMA2_Stream6_IRQHandler                           build/startup_stm32h743xx.o
DMA2_Stream7_IRQHandler                           build/startup_stm32h743xx.o
DMAMUX1_OVR_IRQHandler                            build/startup_stm32h743xx.o
DMAMUX2_OVR_IRQHandler                            build/startup_stm32h743xx.o
DebugMon_Handler                                  build/stm32h7xx_it.o
Default_Handler                                   build/startup_stm32h743xx.o
ECC_IRQHandler                                    build/startup_stm32h743xx.o
ETH_IRQHandler                                    build/startup_stm32h743xx.o
ETH_WKUP_IRQHandler                               build/startup_stm32h743xx.o
EXTI0_IRQHandler                                  build/startup_stm32h743xx.o
EXTI15_10_IRQHandler                              build/startup_stm32h743xx.o
EXTI1_IRQHandler                                  build/startup_stm32h743xx.o
EXTI2_IRQHandler                                  build/startup_stm32h743xx.o
EXTI3_IRQHandler                                  build/startup_stm32h743xx.o
EXTI4_IRQHandler                                  build/startup_stm32h743xx.o
EXTI9_5_IRQHandler                                build/startup_stm32h743xx.o
Error_Handler                                     build/main.o
                                                  build/stm32h7xx_hal_msp.o
ExitRun0Mode                                      build/system_stm32h7xx.o