ARM GAS  /tmp/cckx38QL.s 			page 1


   1              		.cpu cortex-m7
   2              		.arch armv7e-m
   3              		.fpu fpv5-d16
   4              		.eabi_attribute 28, 1
   5              		.eabi_attribute 20, 1
   6              		.eabi_attribute 21, 1
   7              		.eabi_attribute 23, 3
   8              		.eabi_attribute 24, 1
   9              		.eabi_attribute 25, 1
  10              		.eabi_attribute 26, 1
  11              		.eabi_attribute 30, 1
  12              		.eabi_attribute 34, 1
  13              		.eabi_attribute 18, 4
  14              		.file	"ov5640_reg.c"
  15              		.text
  16              	.Ltext0:
  17              		.cfi_sections	.debug_frame
  18              		.file 1 "Core/Src/ov5640_reg.c"
  19              		.section	.text.ov5640_read_reg,"ax",%progbits
  20              		.align	1
  21              		.global	ov5640_read_reg
  22              		.syntax unified
  23              		.thumb
  24              		.thumb_func
  26              	ov5640_read_reg:
  27              	.LVL0:
  28              	.LFB106:
   1:Core/Src/ov5640_reg.c **** /**
   2:Core/Src/ov5640_reg.c ****   ******************************************************************************
   3:Core/Src/ov5640_reg.c ****   * @file    ov5640_reg.c
   4:Core/Src/ov5640_reg.c ****   * @author  MCD Application Team
   5:Core/Src/ov5640_reg.c ****   * @brief   This file provides unitary register function to control the OV5640
   6:Core/Src/ov5640_reg.c ****   *          Camera driver.
   7:Core/Src/ov5640_reg.c ****   ******************************************************************************
   8:Core/Src/ov5640_reg.c ****   * @attention
   9:Core/Src/ov5640_reg.c ****   *
  10:Core/Src/ov5640_reg.c ****   * Copyright (c) 2019-2020 STMicroelectronics.
  11:Core/Src/ov5640_reg.c ****   * All rights reserved.
  12:Core/Src/ov5640_reg.c ****   *
  13:Core/Src/ov5640_reg.c ****   * This software is licensed under terms that can be found in the LICENSE file
  14:Core/Src/ov5640_reg.c ****   * in the root directory of this software component.
  15:Core/Src/ov5640_reg.c ****   * If no LICENSE file comes with this software, it is provided AS-IS.
  16:Core/Src/ov5640_reg.c ****   *
  17:Core/Src/ov5640_reg.c ****   ******************************************************************************
  18:Core/Src/ov5640_reg.c ****   */
  19:Core/Src/ov5640_reg.c **** 
  20:Core/Src/ov5640_reg.c **** /* Includes ------------------------------------------------------------------*/
  21:Core/Src/ov5640_reg.c **** #include "ov5640_reg.h"
  22:Core/Src/ov5640_reg.c **** 
  23:Core/Src/ov5640_reg.c **** /** @addtogroup BSP
  24:Core/Src/ov5640_reg.c ****   * @{
  25:Core/Src/ov5640_reg.c ****   */
  26:Core/Src/ov5640_reg.c **** 
  27:Core/Src/ov5640_reg.c **** /** @addtogroup Components
  28:Core/Src/ov5640_reg.c ****   * @{
  29:Core/Src/ov5640_reg.c ****   */
  30:Core/Src/ov5640_reg.c **** 
ARM GAS  /tmp/cckx38QL.s 			page 2


  31:Core/Src/ov5640_reg.c **** /** @addtogroup OV5640
  32:Core/Src/ov5640_reg.c ****   * @brief     This file provides a set of functions needed to drive the
  33:Core/Src/ov5640_reg.c ****   *            OV5640 Camera sensor.
  34:Core/Src/ov5640_reg.c ****   * @{
  35:Core/Src/ov5640_reg.c ****   */
  36:Core/Src/ov5640_reg.c **** 
  37:Core/Src/ov5640_reg.c **** /**
  38:Core/Src/ov5640_reg.c ****   * @brief  Read OV5640 component registers
  39:Core/Src/ov5640_reg.c ****   * @param  ctx component context
  40:Core/Src/ov5640_reg.c ****   * @param  reg Register to read from
  41:Core/Src/ov5640_reg.c ****   * @param  pdata Pointer to data buffer
  42:Core/Src/ov5640_reg.c ****   * @param  length Number of data to read
  43:Core/Src/ov5640_reg.c ****   * @retval Component status
  44:Core/Src/ov5640_reg.c ****   */
  45:Core/Src/ov5640_reg.c **** int32_t ov5640_read_reg(ov5640_ctx_t *ctx, uint16_t reg, uint8_t *pdata, uint16_t length)
  46:Core/Src/ov5640_reg.c **** {
  29              		.loc 1 46 1 view -0
  30              		.cfi_startproc
  31              		@ args = 0, pretend = 0, frame = 0
  32              		@ frame_needed = 0, uses_anonymous_args = 0
  33              		.loc 1 46 1 is_stmt 0 view .LVU1
  34 0000 10B5     		push	{r4, lr}
  35              	.LCFI0:
  36              		.cfi_def_cfa_offset 8
  37              		.cfi_offset 4, -8
  38              		.cfi_offset 14, -4
  47:Core/Src/ov5640_reg.c ****   return ctx->ReadReg(ctx->handle, reg, pdata, length);
  39              		.loc 1 47 3 is_stmt 1 view .LVU2
  40              		.loc 1 47 13 is_stmt 0 view .LVU3
  41 0002 4468     		ldr	r4, [r0, #4]
  42              		.loc 1 47 10 view .LVU4
  43 0004 8068     		ldr	r0, [r0, #8]
  44              	.LVL1:
  45              		.loc 1 47 10 view .LVU5
  46 0006 A047     		blx	r4
  47              	.LVL2:
  48:Core/Src/ov5640_reg.c **** }
  48              		.loc 1 48 1 view .LVU6
  49 0008 10BD     		pop	{r4, pc}
  50              		.cfi_endproc
  51              	.LFE106:
  53              		.section	.text.ov5640_write_reg,"ax",%progbits
  54              		.align	1
  55              		.global	ov5640_write_reg
  56              		.syntax unified
  57              		.thumb
  58              		.thumb_func
  60              	ov5640_write_reg:
  61              	.LVL3:
  62              	.LFB107:
  49:Core/Src/ov5640_reg.c **** 
  50:Core/Src/ov5640_reg.c **** /**
  51:Core/Src/ov5640_reg.c ****   * @brief  Write OV5640 component registers
  52:Core/Src/ov5640_reg.c ****   * @param  ctx component context
  53:Core/Src/ov5640_reg.c ****   * @param  reg Register to write to
  54:Core/Src/ov5640_reg.c ****   * @param  pdata Pointer to data buffer
  55:Core/Src/ov5640_reg.c ****   * @param  length Number of data to write
ARM GAS  /tmp/cckx38QL.s 			page 3


  56:Core/Src/ov5640_reg.c ****   * @retval Component status
  57:Core/Src/ov5640_reg.c ****   */
  58:Core/Src/ov5640_reg.c **** int32_t ov5640_write_reg(ov5640_ctx_t *ctx, uint16_t reg, uint8_t *data, uint16_t length)
  59:Core/Src/ov5640_reg.c **** {
  63              		.loc 1 59 1 is_stmt 1 view -0
  64              		.cfi_startproc
  65              		@ args = 0, pretend = 0, frame = 0
  66              		@ frame_needed = 0, uses_anonymous_args = 0
  67              		.loc 1 59 1 is_stmt 0 view .LVU8
  68 0000 10B5     		push	{r4, lr}
  69              	.LCFI1:
  70              		.cfi_def_cfa_offset 8
  71              		.cfi_offset 4, -8
  72              		.cfi_offset 14, -4
  60:Core/Src/ov5640_reg.c ****   return ctx->WriteReg(ctx->handle, reg, data, length);
  73              		.loc 1 60 3 is_stmt 1 view .LVU9
  74              		.loc 1 60 13 is_stmt 0 view .LVU10
  75 0002 0468     		ldr	r4, [r0]
  76              		.loc 1 60 10 view .LVU11
  77 0004 8068     		ldr	r0, [r0, #8]
  78              	.LVL4:
  79              		.loc 1 60 10 view .LVU12
  80 0006 A047     		blx	r4
  81              	.LVL5:
  61:Core/Src/ov5640_reg.c **** }
  82              		.loc 1 61 1 view .LVU13
  83 0008 10BD     		pop	{r4, pc}
  84              		.cfi_endproc
  85              	.LFE107:
  87              		.text
  88              	.Letext0:
  89              		.file 2 "/usr/lib/gcc/arm-none-eabi/13.2.1/include/stdint.h"
  90              		.file 3 "Core/Inc/ov5640_reg.h"
ARM GAS  /tmp/cckx38QL.s 			page 4


DEFINED SYMBOLS
                            *ABS*:00000000 ov5640_reg.c
     /tmp/cckx38QL.s:20     .text.ov5640_read_reg:00000000 $t
     /tmp/cckx38QL.s:26     .text.ov5640_read_reg:00000000 ov5640_read_reg
     /tmp/cckx38QL.s:54     .text.ov5640_write_reg:00000000 $t
     /tmp/cckx38QL.s:60     .text.ov5640_write_reg:00000000 ov5640_write_reg

NO UNDEFINED SYMBOLS
