ARM GAS  /tmp/ccZprKzm.s 			page 1


   1              		.cpu cortex-m7
   2              		.arch armv7e-m
   3              		.fpu fpv5-d16
   4              		.eabi_attribute 28, 1
   5              		.eabi_attribute 20, 1
   6              		.eabi_attribute 21, 1
   7              		.eabi_attribute 23, 3
   8              		.eabi_attribute 24, 1
   9              		.eabi_attribute 25, 1
  10              		.eabi_attribute 26, 1
  11              		.eabi_attribute 30, 1
  12              		.eabi_attribute 34, 1
  13              		.eabi_attribute 18, 4
  14              		.file	"stm32h7xx_it.c"
  15              		.text
  16              	.Ltext0:
  17              		.cfi_sections	.debug_frame
  18              		.file 1 "Core/Src/stm32h7xx_it.c"
  19              		.section	.text.NMI_Handler,"ax",%progbits
  20              		.align	1
  21              		.global	NMI_Handler
  22              		.syntax unified
  23              		.thumb
  24              		.thumb_func
  26              	NMI_Handler:
  27              	.LFB146:
   1:Core/Src/stm32h7xx_it.c **** /* USER CODE BEGIN Header */
   2:Core/Src/stm32h7xx_it.c **** /**
   3:Core/Src/stm32h7xx_it.c ****   ******************************************************************************
   4:Core/Src/stm32h7xx_it.c ****   * @file    stm32h7xx_it.c
   5:Core/Src/stm32h7xx_it.c ****   * @brief   Interrupt Service Routines.
   6:Core/Src/stm32h7xx_it.c ****   ******************************************************************************
   7:Core/Src/stm32h7xx_it.c ****   * @attention
   8:Core/Src/stm32h7xx_it.c ****   *
   9:Core/Src/stm32h7xx_it.c ****   * Copyright (c) 2026 STMicroelectronics.
  10:Core/Src/stm32h7xx_it.c ****   * All rights reserved.
  11:Core/Src/stm32h7xx_it.c ****   *
  12:Core/Src/stm32h7xx_it.c ****   * This software is licensed under terms that can be found in the LICENSE file
  13:Core/Src/stm32h7xx_it.c ****   * in the root directory of this software component.
  14:Core/Src/stm32h7xx_it.c ****   * If no LICENSE file comes with this software, it is provided AS-IS.
  15:Core/Src/stm32h7xx_it.c ****   *
  16:Core/Src/stm32h7xx_it.c ****   ******************************************************************************
  17:Core/Src/stm32h7xx_it.c ****   */
  18:Core/Src/stm32h7xx_it.c **** /* USER CODE END Header */
  19:Core/Src/stm32h7xx_it.c **** 
  20:Core/Src/stm32h7xx_it.c **** /* Includes ------------------------------------------------------------------*/
  21:Core/Src/stm32h7xx_it.c **** #include "main.h"
  22:Core/Src/stm32h7xx_it.c **** #include "stm32h7xx_it.h"
  23:Core/Src/stm32h7xx_it.c **** /* Private includes ----------------------------------------------------------*/
  24:Core/Src/stm32h7xx_it.c **** /* USER CODE BEGIN Includes */
  25:Core/Src/stm32h7xx_it.c **** /* USER CODE END Includes */
  26:Core/Src/stm32h7xx_it.c **** 
  27:Core/Src/stm32h7xx_it.c **** /* Private typedef -----------------------------------------------------------*/
  28:Core/Src/stm32h7xx_it.c **** /* USER CODE BEGIN TD */
  29:Core/Src/stm32h7xx_it.c **** 
  30:Core/Src/stm32h7xx_it.c **** /* USER CODE END TD */
  31:Core/Src/stm32h7xx_it.c **** 
ARM GAS  /tmp/ccZprKzm.s 			page 2


  32:Core/Src/stm32h7xx_it.c **** /* Private define ------------------------------------------------------------*/
  33:Core/Src/stm32h7xx_it.c **** /* USER CODE BEGIN PD */
  34:Core/Src/stm32h7xx_it.c **** 
  35:Core/Src/stm32h7xx_it.c **** /* USER CODE END PD */
  36:Core/Src/stm32h7xx_it.c **** 
  37:Core/Src/stm32h7xx_it.c **** /* Private macro -------------------------------------------------------------*/
  38:Core/Src/stm32h7xx_it.c **** /* USER CODE BEGIN PM */
  39:Core/Src/stm32h7xx_it.c **** 
  40:Core/Src/stm32h7xx_it.c **** /* USER CODE END PM */
  41:Core/Src/stm32h7xx_it.c **** 
  42:Core/Src/stm32h7xx_it.c **** /* Private variables ---------------------------------------------------------*/
  43:Core/Src/stm32h7xx_it.c **** /* USER CODE BEGIN PV */
  44:Core/Src/stm32h7xx_it.c **** 
  45:Core/Src/stm32h7xx_it.c **** /* USER CODE END PV */
  46:Core/Src/stm32h7xx_it.c **** 
  47:Core/Src/stm32h7xx_it.c **** /* Private function prototypes -----------------------------------------------*/
  48:Core/Src/stm32h7xx_it.c **** /* USER CODE BEGIN PFP */
  49:Core/Src/stm32h7xx_it.c **** 
  50:Core/Src/stm32h7xx_it.c **** /* USER CODE END PFP */
  51:Core/Src/stm32h7xx_it.c **** 
  52:Core/Src/stm32h7xx_it.c **** /* Private user code ---------------------------------------------------------*/
  53:Core/Src/stm32h7xx_it.c **** /* USER CODE BEGIN 0 */
  54:Core/Src/stm32h7xx_it.c **** 
  55:Core/Src/stm32h7xx_it.c **** /* USER CODE END 0 */
  56:Core/Src/stm32h7xx_it.c **** 
  57:Core/Src/stm32h7xx_it.c **** /* External variables --------------------------------------------------------*/
  58:Core/Src/stm32h7xx_it.c **** extern DMA_HandleTypeDef hdma_dcmi;
  59:Core/Src/stm32h7xx_it.c **** extern DCMI_HandleTypeDef hdcmi;
  60:Core/Src/stm32h7xx_it.c **** extern I2C_HandleTypeDef hi2c1;
  61:Core/Src/stm32h7xx_it.c **** /* USER CODE BEGIN EV */
  62:Core/Src/stm32h7xx_it.c **** 
  63:Core/Src/stm32h7xx_it.c **** /* USER CODE END EV */
  64:Core/Src/stm32h7xx_it.c **** 
  65:Core/Src/stm32h7xx_it.c **** /******************************************************************************/
  66:Core/Src/stm32h7xx_it.c **** /*           Cortex Processor Interruption and Exception Handlers          */
  67:Core/Src/stm32h7xx_it.c **** /******************************************************************************/
  68:Core/Src/stm32h7xx_it.c **** /**
  69:Core/Src/stm32h7xx_it.c ****   * @brief This function handles Non maskable interrupt.
  70:Core/Src/stm32h7xx_it.c ****   */
  71:Core/Src/stm32h7xx_it.c **** void NMI_Handler(void)
  72:Core/Src/stm32h7xx_it.c **** {
  28              		.loc 1 72 1 view -0
  29              		.cfi_startproc
  30              		@ Volatile: function does not return.
  31              		@ args = 0, pretend = 0, frame = 0
  32              		@ frame_needed = 0, uses_anonymous_args = 0
  33              		@ link register save eliminated.
  34              	.L2:
  73:Core/Src/stm32h7xx_it.c ****   /* USER CODE BEGIN NonMaskableInt_IRQn 0 */
  74:Core/Src/stm32h7xx_it.c **** 
  75:Core/Src/stm32h7xx_it.c ****   /* USER CODE END NonMaskableInt_IRQn 0 */
  76:Core/Src/stm32h7xx_it.c ****   /* USER CODE BEGIN NonMaskableInt_IRQn 1 */
  77:Core/Src/stm32h7xx_it.c ****    while (1)
  35              		.loc 1 77 4 view .LVU1
  78:Core/Src/stm32h7xx_it.c ****   {
  79:Core/Src/stm32h7xx_it.c ****   }
  36              		.loc 1 79 3 view .LVU2
ARM GAS  /tmp/ccZprKzm.s 			page 3


  77:Core/Src/stm32h7xx_it.c ****   {
  37              		.loc 1 77 10 view .LVU3
  38 0000 FEE7     		b	.L2
  39              		.cfi_endproc
  40              	.LFE146:
  42              		.section	.text.HardFault_Handler,"ax",%progbits
  43              		.align	1
  44              		.global	HardFault_Handler
  45              		.syntax unified
  46              		.thumb
  47              		.thumb_func
  49              	HardFault_Handler:
  50              	.LFB147:
  80:Core/Src/stm32h7xx_it.c ****   /* USER CODE END NonMaskableInt_IRQn 1 */
  81:Core/Src/stm32h7xx_it.c **** }
  82:Core/Src/stm32h7xx_it.c **** 
  83:Core/Src/stm32h7xx_it.c **** /**
  84:Core/Src/stm32h7xx_it.c ****   * @brief This function handles Hard fault interrupt.
  85:Core/Src/stm32h7xx_it.c ****   */
  86:Core/Src/stm32h7xx_it.c **** void HardFault_Handler(void)
  87:Core/Src/stm32h7xx_it.c **** {
  51              		.loc 1 87 1 view -0
  52              		.cfi_startproc
  53              		@ Volatile: function does not return.
  54              		@ args = 0, pretend = 0, frame = 0
  55              		@ frame_needed = 0, uses_anonymous_args = 0
  56              		@ link register save eliminated.
  57              	.L4:
  88:Core/Src/stm32h7xx_it.c ****   /* USER CODE BEGIN HardFault_IRQn 0 */
  89:Core/Src/stm32h7xx_it.c **** 
  90:Core/Src/stm32h7xx_it.c ****   /* USER CODE END HardFault_IRQn 0 */
  91:Core/Src/stm32h7xx_it.c ****   while (1)
  58              		.loc 1 91 3 view .LVU5
  92:Core/Src/stm32h7xx_it.c ****   {
  93:Core/Src/stm32h7xx_it.c ****     /* USER CODE BEGIN W1_HardFault_IRQn 0 */
  94:Core/Src/stm32h7xx_it.c ****     /* USER CODE END W1_HardFault_IRQn 0 */
  95:Core/Src/stm32h7xx_it.c ****   }
  59              		.loc 1 95 3 view .LVU6
  91:Core/Src/stm32h7xx_it.c ****   {
  60              		.loc 1 91 9 view .LVU7
  61 0000 FEE7     		b	.L4
  62              		.cfi_endproc
  63              	.LFE147:
  65              		.section	.text.MemManage_Handler,"ax",%progbits
  66              		.align	1
  67              		.global	MemManage_Handler
  68              		.syntax unified
  69              		.thumb
  70              		.thumb_func
  72              	MemManage_Handler:
  73              	.LFB148:
  96:Core/Src/stm32h7xx_it.c **** }
  97:Core/Src/stm32h7xx_it.c **** 
  98:Core/Src/stm32h7xx_it.c **** /**
  99:Core/Src/stm32h7xx_it.c ****   * @brief This function handles Memory management fault.
 100:Core/Src/stm32h7xx_it.c ****   */
 101:Core/Src/stm32h7xx_it.c **** void MemManage_Handler(void)
ARM GAS  /tmp/ccZprKzm.s 			page 4


 102:Core/Src/stm32h7xx_it.c **** {
  74              		.loc 1 102 1 view -0
  75              		.cfi_startproc
  76              		@ Volatile: function does not return.
  77              		@ args = 0, pretend = 0, frame = 0
  78              		@ frame_needed = 0, uses_anonymous_args = 0
  79              		@ link register save eliminated.
  80              	.L6:
 103:Core/Src/stm32h7xx_it.c ****   /* USER CODE BEGIN MemoryManagement_IRQn 0 */
 104:Core/Src/stm32h7xx_it.c **** 
 105:Core/Src/stm32h7xx_it.c ****   /* USER CODE END MemoryManagement_IRQn 0 */
 106:Core/Src/stm32h7xx_it.c ****   while (1)
  81              		.loc 1 106 3 view .LVU9
 107:Core/Src/stm32h7xx_it.c ****   {
 108:Core/Src/stm32h7xx_it.c ****     /* USER CODE BEGIN W1_MemoryManagement_IRQn 0 */
 109:Core/Src/stm32h7xx_it.c ****     /* USER CODE END W1_MemoryManagement_IRQn 0 */
 110:Core/Src/stm32h7xx_it.c ****   }
  82              		.loc 1 110 3 view .LVU10
 106:Core/Src/stm32h7xx_it.c ****   {
  83              		.loc 1 106 9 view .LVU11
  84 0000 FEE7     		b	.L6
  85              		.cfi_endproc
  86              	.LFE148:
  88              		.section	.text.BusFault_Handler,"ax",%progbits
  89              		.align	1
  90              		.global	BusFault_Handler
  91              		.syntax unified
  92              		.thumb
  93              		.thumb_func
  95              	BusFault_Handler:
  96              	.LFB149:
 111:Core/Src/stm32h7xx_it.c **** }
 112:Core/Src/stm32h7xx_it.c **** 
 113:Core/Src/stm32h7xx_it.c **** /**
 114:Core/Src/stm32h7xx_it.c ****   * @brief This function handles Pre-fetch fault, memory access fault.
 115:Core/Src/stm32h7xx_it.c ****   */
 116:Core/Src/stm32h7xx_it.c **** void BusFault_Handler(void)
 117:Core/Src/stm32h7xx_it.c **** {
  97              		.loc 1 117 1 view -0
  98              		.cfi_startproc
  99              		@ Volatile: function does not return.
 100              		@ args = 0, pretend = 0, frame = 0
 101              		@ frame_needed = 0, uses_anonymous_args = 0
 102              		@ link register save eliminated.
 103              	.L8:
 118:Core/Src/stm32h7xx_it.c ****   /* USER CODE BEGIN BusFault_IRQn 0 */
 119:Core/Src/stm32h7xx_it.c **** 
 120:Core/Src/stm32h7xx_it.c ****   /* USER CODE END BusFault_IRQn 0 */
 121:Core/Src/stm32h7xx_it.c ****   while (1)
 104              		.loc 1 121 3 view .LVU13
 122:Core/Src/stm32h7xx_it.c ****   {
 123:Core/Src/stm32h7xx_it.c ****     /* USER CODE BEGIN W1_BusFault_IRQn 0 */
 124:Core/Src/stm32h7xx_it.c ****     /* USER CODE END W1_BusFault_IRQn 0 */
 125:Core/Src/stm32h7xx_it.c ****   }
 105              		.loc 1 125 3 view .LVU14
 121:Core/Src/stm32h7xx_it.c ****   {
 106              		.loc 1 121 9 view .LVU15
ARM GAS  /tmp/ccZprKzm.s 			page 5


 107 0000 FEE7     		b	.L8
 108              		.cfi_endproc
 109              	.LFE149:
 111              		.section	.text.UsageFault_Handler,"ax",%progbits
 112              		.align	1
 113              		.global	UsageFault_Handler
 114              		.syntax unified
 115              		.thumb
 116              		.thumb_func
 118              	UsageFault_Handler:
 119              	.LFB150:
 126:Core/Src/stm32h7xx_it.c **** }
 127:Core/Src/stm32h7xx_it.c **** 
 128:Core/Src/stm32h7xx_it.c **** /**
 129:Core/Src/stm32h7xx_it.c ****   * @brief This function handles Undefined instruction or illegal state.
 130:Core/Src/stm32h7xx_it.c ****   */
 131:Core/Src/stm32h7xx_it.c **** void UsageFault_Handler(void)
 132:Core/Src/stm32h7xx_it.c **** {
 120              		.loc 1 132 1 view -0
 121              		.cfi_startproc
 122              		@ Volatile: function does not return.
 123              		@ args = 0, pretend = 0, frame = 0
 124              		@ frame_needed = 0, uses_anonymous_args = 0
 125              		@ link register save eliminated.
 126              	.L10:
 133:Core/Src/stm32h7xx_it.c ****   /* USER CODE BEGIN UsageFault_IRQn 0 */
 134:Core/Src/stm32h7xx_it.c **** 
 135:Core/Src/stm32h7xx_it.c ****   /* USER CODE END UsageFault_IRQn 0 */
 136:Core/Src/stm32h7xx_it.c ****   while (1)
 127              		.loc 1 136 3 view .LVU17
 137:Core/Src/stm32h7xx_it.c ****   {
 138:Core/Src/stm32h7xx_it.c ****     /* USER CODE BEGIN W1_UsageFault_IRQn 0 */
 139:Core/Src/stm32h7xx_it.c ****     /* USER CODE END W1_UsageFault_IRQn 0 */
 140:Core/Src/stm32h7xx_it.c ****   }
 128              		.loc 1 140 3 view .LVU18
 136:Core/Src/stm32h7xx_it.c ****   {
 129              		.loc 1 136 9 view .LVU19
 130 0000 FEE7     		b	.L10
 131              		.cfi_endproc
 132              	.LFE150:
 134              		.section	.text.SVC_Handler,"ax",%progbits
 135              		.align	1
 136              		.global	SVC_Handler
 137              		.syntax unified
 138              		.thumb
 139              		.thumb_func
 141              	SVC_Handler:
 142              	.LFB151:
 141:Core/Src/stm32h7xx_it.c **** }
 142:Core/Src/stm32h7xx_it.c **** 
 143:Core/Src/stm32h7xx_it.c **** /**
 144:Core/Src/stm32h7xx_it.c ****   * @brief This function handles System service call via SWI instruction.
 145:Core/Src/stm32h7xx_it.c ****   */
 146:Core/Src/stm32h7xx_it.c **** void SVC_Handler(void)
 147:Core/Src/stm32h7xx_it.c **** {
 143              		.loc 1 147 1 view -0
 144              		.cfi_startproc
ARM GAS  /tmp/ccZprKzm.s 			page 6


 145              		@ args = 0, pretend = 0, frame = 0
 146              		@ frame_needed = 0, uses_anonymous_args = 0
 147              		@ link register save eliminated.
 148:Core/Src/stm32h7xx_it.c ****   /* USER CODE BEGIN SVCall_IRQn 0 */
 149:Core/Src/stm32h7xx_it.c **** 
 150:Core/Src/stm32h7xx_it.c ****   /* USER CODE END SVCall_IRQn 0 */
 151:Core/Src/stm32h7xx_it.c ****   /* USER CODE BEGIN SVCall_IRQn 1 */
 152:Core/Src/stm32h7xx_it.c **** 
 153:Core/Src/stm32h7xx_it.c ****   /* USER CODE END SVCall_IRQn 1 */
 154:Core/Src/stm32h7xx_it.c **** }
 148              		.loc 1 154 1 view .LVU21
 149 0000 7047     		bx	lr
 150              		.cfi_endproc
 151              	.LFE151:
 153              		.section	.text.DebugMon_Handler,"ax",%progbits
 154              		.align	1
 155              		.global	DebugMon_Handler
 156              		.syntax unified
 157              		.thumb
 158              		.thumb_func
 160              	DebugMon_Handler:
 161              	.LFB152:
 155:Core/Src/stm32h7xx_it.c **** 
 156:Core/Src/stm32h7xx_it.c **** /**
 157:Core/Src/stm32h7xx_it.c ****   * @brief This function handles Debug monitor.
 158:Core/Src/stm32h7xx_it.c ****   */
 159:Core/Src/stm32h7xx_it.c **** void DebugMon_Handler(void)
 160:Core/Src/stm32h7xx_it.c **** {
 162              		.loc 1 160 1 view -0
 163              		.cfi_startproc
 164              		@ args = 0, pretend = 0, frame = 0
 165              		@ frame_needed = 0, uses_anonymous_args = 0
 166              		@ link register save eliminated.
 161:Core/Src/stm32h7xx_it.c ****   /* USER CODE BEGIN DebugMonitor_IRQn 0 */
 162:Core/Src/stm32h7xx_it.c **** 
 163:Core/Src/stm32h7xx_it.c ****   /* USER CODE END DebugMonitor_IRQn 0 */
 164:Core/Src/stm32h7xx_it.c ****   /* USER CODE BEGIN DebugMonitor_IRQn 1 */
 165:Core/Src/stm32h7xx_it.c **** 
 166:Core/Src/stm32h7xx_it.c ****   /* USER CODE END DebugMonitor_IRQn 1 */
 167:Core/Src/stm32h7xx_it.c **** }
 167              		.loc 1 167 1 view .LVU23
 168 0000 7047     		bx	lr
 169              		.cfi_endproc
 170              	.LFE152:
 172              		.section	.text.PendSV_Handler,"ax",%progbits
 173              		.align	1
 174              		.global	PendSV_Handler
 175              		.syntax unified
 176              		.thumb
 177              		.thumb_func
 179              	PendSV_Handler:
 180              	.LFB153:
 168:Core/Src/stm32h7xx_it.c **** 
 169:Core/Src/stm32h7xx_it.c **** /**
 170:Core/Src/stm32h7xx_it.c ****   * @brief This function handles Pendable request for system service.
 171:Core/Src/stm32h7xx_it.c ****   */
 172:Core/Src/stm32h7xx_it.c **** void PendSV_Handler(void)
ARM GAS  /tmp/ccZprKzm.s 			page 7


 173:Core/Src/stm32h7xx_it.c **** {
 181              		.loc 1 173 1 view -0
 182              		.cfi_startproc
 183              		@ args = 0, pretend = 0, frame = 0
 184              		@ frame_needed = 0, uses_anonymous_args = 0
 185              		@ link register save eliminated.
 174:Core/Src/stm32h7xx_it.c ****   /* USER CODE BEGIN PendSV_IRQn 0 */
 175:Core/Src/stm32h7xx_it.c **** 
 176:Core/Src/stm32h7xx_it.c ****   /* USER CODE END PendSV_IRQn 0 */
 177:Core/Src/stm32h7xx_it.c ****   /* USER CODE BEGIN PendSV_IRQn 1 */
 178:Core/Src/stm32h7xx_it.c **** 
 179:Core/Src/stm32h7xx_it.c ****   /* USER CODE END PendSV_IRQn 1 */
 180:Core/Src/stm32h7xx_it.c **** }
 186              		.loc 1 180 1 view .LVU25
 187 0000 7047     		bx	lr
 188              		.cfi_endproc
 189              	.LFE153:
 191              		.section	.text.SysTick_Handler,"ax",%progbits
 192              		.align	1
 193              		.global	SysTick_Handler
 194              		.syntax unified
 195              		.thumb
 196              		.thumb_func
 198              	SysTick_Handler:
 199              	.LFB154:
 181:Core/Src/stm32h7xx_it.c **** 
 182:Core/Src/stm32h7xx_it.c **** /**
 183:Core/Src/stm32h7xx_it.c ****   * @brief This function handles System tick timer.
 184:Core/Src/stm32h7xx_it.c ****   */
 185:Core/Src/stm32h7xx_it.c **** void SysTick_Handler(void)
 186:Core/Src/stm32h7xx_it.c **** {
 200              		.loc 1 186 1 view -0
 201              		.cfi_startproc
 202              		@ args = 0, pretend = 0, frame = 0
 203              		@ frame_needed = 0, uses_anonymous_args = 0
 204 0000 08B5     		push	{r3, lr}
 205              	.LCFI0:
 206              		.cfi_def_cfa_offset 8
 207              		.cfi_offset 3, -8
 208              		.cfi_offset 14, -4
 187:Core/Src/stm32h7xx_it.c ****   /* USER CODE BEGIN SysTick_IRQn 0 */
 188:Core/Src/stm32h7xx_it.c **** 
 189:Core/Src/stm32h7xx_it.c ****   /* USER CODE END SysTick_IRQn 0 */
 190:Core/Src/stm32h7xx_it.c ****   HAL_IncTick();
 209              		.loc 1 190 3 view .LVU27
 210 0002 FFF7FEFF 		bl	HAL_IncTick
 211              	.LVL0:
 191:Core/Src/stm32h7xx_it.c ****   /* USER CODE BEGIN SysTick_IRQn 1 */
 192:Core/Src/stm32h7xx_it.c **** 
 193:Core/Src/stm32h7xx_it.c ****   /* USER CODE END SysTick_IRQn 1 */
 194:Core/Src/stm32h7xx_it.c **** }
 212              		.loc 1 194 1 is_stmt 0 view .LVU28
 213 0006 08BD     		pop	{r3, pc}
 214              		.cfi_endproc
 215              	.LFE154:
 217              		.section	.text.I2C1_EV_IRQHandler,"ax",%progbits
 218              		.align	1
ARM GAS  /tmp/ccZprKzm.s 			page 8


 219              		.global	I2C1_EV_IRQHandler
 220              		.syntax unified
 221              		.thumb
 222              		.thumb_func
 224              	I2C1_EV_IRQHandler:
 225              	.LFB155:
 195:Core/Src/stm32h7xx_it.c **** 
 196:Core/Src/stm32h7xx_it.c **** /******************************************************************************/
 197:Core/Src/stm32h7xx_it.c **** /* STM32H7xx Peripheral Interrupt Handlers                                    */
 198:Core/Src/stm32h7xx_it.c **** /* Add here the Interrupt Handlers for the used peripherals.                  */
 199:Core/Src/stm32h7xx_it.c **** /* For the available peripheral interrupt handler names,                      */
 200:Core/Src/stm32h7xx_it.c **** /* please refer to the startup file (startup_stm32h7xx.s).                    */
 201:Core/Src/stm32h7xx_it.c **** /******************************************************************************/
 202:Core/Src/stm32h7xx_it.c **** 
 203:Core/Src/stm32h7xx_it.c **** /**
 204:Core/Src/stm32h7xx_it.c ****   * @brief This function handles I2C1 event interrupt.
 205:Core/Src/stm32h7xx_it.c ****   */
 206:Core/Src/stm32h7xx_it.c **** void I2C1_EV_IRQHandler(void)
 207:Core/Src/stm32h7xx_it.c **** {
 226              		.loc 1 207 1 is_stmt 1 view -0
 227              		.cfi_startproc
 228              		@ args = 0, pretend = 0, frame = 0
 229              		@ frame_needed = 0, uses_anonymous_args = 0
 230 0000 08B5     		push	{r3, lr}
 231              	.LCFI1:
 232              		.cfi_def_cfa_offset 8
 233              		.cfi_offset 3, -8
 234              		.cfi_offset 14, -4
 208:Core/Src/stm32h7xx_it.c ****   /* USER CODE BEGIN I2C1_EV_IRQn 0 */
 209:Core/Src/stm32h7xx_it.c **** 
 210:Core/Src/stm32h7xx_it.c ****   /* USER CODE END I2C1_EV_IRQn 0 */
 211:Core/Src/stm32h7xx_it.c ****   HAL_I2C_EV_IRQHandler(&hi2c1);
 235              		.loc 1 211 3 view .LVU30
 236 0002 0248     		ldr	r0, .L18
 237 0004 FFF7FEFF 		bl	HAL_I2C_EV_IRQHandler
 238              	.LVL1:
 212:Core/Src/stm32h7xx_it.c ****   /* USER CODE BEGIN I2C1_EV_IRQn 1 */
 213:Core/Src/stm32h7xx_it.c **** 
 214:Core/Src/stm32h7xx_it.c ****   /* USER CODE END I2C1_EV_IRQn 1 */
 215:Core/Src/stm32h7xx_it.c **** }
 239              		.loc 1 215 1 is_stmt 0 view .LVU31
 240 0008 08BD     		pop	{r3, pc}
 241              	.L19:
 242 000a 00BF     		.align	2
 243              	.L18:
 244 000c 00000000 		.word	hi2c1
 245              		.cfi_endproc
 246              	.LFE155:
 248              		.section	.text.I2C1_ER_IRQHandler,"ax",%progbits
 249              		.align	1
 250              		.global	I2C1_ER_IRQHandler
 251              		.syntax unified
 252              		.thumb
 253              		.thumb_func
 255              	I2C1_ER_IRQHandler:
 256              	.LFB156:
 216:Core/Src/stm32h7xx_it.c **** 
ARM GAS  /tmp/ccZprKzm.s 			page 9


 217:Core/Src/stm32h7xx_it.c **** /**
 218:Core/Src/stm32h7xx_it.c ****   * @brief This function handles I2C1 error interrupt.
 219:Core/Src/stm32h7xx_it.c ****   */
 220:Core/Src/stm32h7xx_it.c **** void I2C1_ER_IRQHandler(void)
 221:Core/Src/stm32h7xx_it.c **** {
 257              		.loc 1 221 1 is_stmt 1 view -0
 258              		.cfi_startproc
 259              		@ args = 0, pretend = 0, frame = 0
 260              		@ frame_needed = 0, uses_anonymous_args = 0
 261 0000 08B5     		push	{r3, lr}
 262              	.LCFI2:
 263              		.cfi_def_cfa_offset 8
 264              		.cfi_offset 3, -8
 265              		.cfi_offset 14, -4
 222:Core/Src/stm32h7xx_it.c ****   /* USER CODE BEGIN I2C1_ER_IRQn 0 */
 223:Core/Src/stm32h7xx_it.c **** 
 224:Core/Src/stm32h7xx_it.c ****   /* USER CODE END I2C1_ER_IRQn 0 */
 225:Core/Src/stm32h7xx_it.c ****   HAL_I2C_ER_IRQHandler(&hi2c1);
 266              		.loc 1 225 3 view .LVU33
 267 0002 0248     		ldr	r0, .L22
 268 0004 FFF7FEFF 		bl	HAL_I2C_ER_IRQHandler
 269              	.LVL2:
 226:Core/Src/stm32h7xx_it.c ****   /* USER CODE BEGIN I2C1_ER_IRQn 1 */
 227:Core/Src/stm32h7xx_it.c **** 
 228:Core/Src/stm32h7xx_it.c ****   /* USER CODE END I2C1_ER_IRQn 1 */
 229:Core/Src/stm32h7xx_it.c **** }
 270              		.loc 1 229 1 is_stmt 0 view .LVU34
 271 0008 08BD     		pop	{r3, pc}
 272              	.L23:
 273 000a 00BF     		.align	2
 274              	.L22:
 275 000c 00000000 		.word	hi2c1
 276              		.cfi_endproc
 277              	.LFE156:
 279              		.section	.text.DMA2_Stream1_IRQHandler,"ax",%progbits
 280              		.align	1
 281              		.global	DMA2_Stream1_IRQHandler
 282              		.syntax unified
 283              		.thumb
 284              		.thumb_func
 286              	DMA2_Stream1_IRQHandler:
 287              	.LFB157:
 230:Core/Src/stm32h7xx_it.c **** 
 231:Core/Src/stm32h7xx_it.c **** /**
 232:Core/Src/stm32h7xx_it.c ****   * @brief This function handles DMA2 stream1 global interrupt.
 233:Core/Src/stm32h7xx_it.c ****   */
 234:Core/Src/stm32h7xx_it.c **** void DMA2_Stream1_IRQHandler(void)
 235:Core/Src/stm32h7xx_it.c **** {
 288              		.loc 1 235 1 is_stmt 1 view -0
 289              		.cfi_startproc
 290              		@ args = 0, pretend = 0, frame = 0
 291              		@ frame_needed = 0, uses_anonymous_args = 0
 292 0000 08B5     		push	{r3, lr}
 293              	.LCFI3:
 294              		.cfi_def_cfa_offset 8
 295              		.cfi_offset 3, -8
 296              		.cfi_offset 14, -4
ARM GAS  /tmp/ccZprKzm.s 			page 10


 236:Core/Src/stm32h7xx_it.c ****   /* USER CODE BEGIN DMA2_Stream1_IRQn 0 */
 237:Core/Src/stm32h7xx_it.c **** 
 238:Core/Src/stm32h7xx_it.c ****   /* USER CODE END DMA2_Stream1_IRQn 0 */
 239:Core/Src/stm32h7xx_it.c ****   HAL_DMA_IRQHandler(&hdma_dcmi);
 297              		.loc 1 239 3 view .LVU36
 298 0002 0248     		ldr	r0, .L26
 299 0004 FFF7FEFF 		bl	HAL_DMA_IRQHandler
 300              	.LVL3:
 240:Core/Src/stm32h7xx_it.c ****   /* USER CODE BEGIN DMA2_Stream1_IRQn 1 */
 241:Core/Src/stm32h7xx_it.c **** 
 242:Core/Src/stm32h7xx_it.c ****   /* USER CODE END DMA2_Stream1_IRQn 1 */
 243:Core/Src/stm32h7xx_it.c **** }
 301              		.loc 1 243 1 is_stmt 0 view .LVU37
 302 0008 08BD     		pop	{r3, pc}
 303              	.L27:
 304 000a 00BF     		.align	2
 305              	.L26:
 306 000c 00000000 		.word	hdma_dcmi
 307              		.cfi_endproc
 308              	.LFE157:
 310              		.section	.text.DCMI_IRQHandler,"ax",%progbits
 311              		.align	1
 312              		.global	DCMI_IRQHandler
 313              		.syntax unified
 314              		.thumb
 315              		.thumb_func
 317              	DCMI_IRQHandler:
 318              	.LFB158:
 244:Core/Src/stm32h7xx_it.c **** 
 245:Core/Src/stm32h7xx_it.c **** /**
 246:Core/Src/stm32h7xx_it.c ****   * @brief This function handles DCMI global interrupt.
 247:Core/Src/stm32h7xx_it.c ****   */
 248:Core/Src/stm32h7xx_it.c **** void DCMI_IRQHandler(void)
 249:Core/Src/stm32h7xx_it.c **** {
 319              		.loc 1 249 1 is_stmt 1 view -0
 320              		.cfi_startproc
 321              		@ args = 0, pretend = 0, frame = 0
 322              		@ frame_needed = 0, uses_anonymous_args = 0
 323 0000 08B5     		push	{r3, lr}
 324              	.LCFI4:
 325              		.cfi_def_cfa_offset 8
 326              		.cfi_offset 3, -8
 327              		.cfi_offset 14, -4
 250:Core/Src/stm32h7xx_it.c ****   /* USER CODE BEGIN DCMI_IRQn 0 */
 251:Core/Src/stm32h7xx_it.c **** 
 252:Core/Src/stm32h7xx_it.c ****   /* USER CODE END DCMI_IRQn 0 */
 253:Core/Src/stm32h7xx_it.c ****   HAL_DCMI_IRQHandler(&hdcmi);
 328              		.loc 1 253 3 view .LVU39
 329 0002 0248     		ldr	r0, .L30
 330 0004 FFF7FEFF 		bl	HAL_DCMI_IRQHandler
 331              	.LVL4:
 254:Core/Src/stm32h7xx_it.c ****   /* USER CODE BEGIN DCMI_IRQn 1 */
 255:Core/Src/stm32h7xx_it.c **** 
 256:Core/Src/stm32h7xx_it.c ****   /* USER CODE END DCMI_IRQn 1 */
 257:Core/Src/stm32h7xx_it.c **** }
 332              		.loc 1 257 1 is_stmt 0 view .LVU40
 333 0008 08BD     		pop	{r3, pc}
ARM GAS  /tmp/ccZprKzm.s 			page 11


 334              	.L31:
 335 000a 00BF     		.align	2
 336              	.L30:
 337 000c 00000000 		.word	hdcmi
 338              		.cfi_endproc
 339              	.LFE158:
 341              		.text
 342              	.Letext0:
 343              		.file 2 "/usr/lib/gcc/arm-none-eabi/13.2.1/include/stdint.h"
 344              		.file 3 "Drivers/CMSIS/Device/ST/STM32H7xx/Include/stm32h743xx.h"
 345              		.file 4 "Drivers/STM32H7xx_HAL_Driver/Inc/stm32h7xx_hal_def.h"
 346              		.file 5 "Drivers/STM32H7xx_HAL_Driver/Inc/stm32h7xx_hal_dma.h"
 347              		.file 6 "Drivers/STM32H7xx_HAL_Driver/Inc/stm32h7xx_hal_dcmi.h"
 348              		.file 7 "Drivers/STM32H7xx_HAL_Driver/Inc/stm32h7xx_hal_i2c.h"
 349              		.file 8 "Drivers/STM32H7xx_HAL_Driver/Inc/stm32h7xx_hal.h"
ARM GAS  /tmp/ccZprKzm.s 			page 12


DEFINED SYMBOLS
                            *ABS*:00000000 stm32h7xx_it.c
     /tmp/ccZprKzm.s:20     .text.NMI_Handler:00000000 $t
     /tmp/ccZprKzm.s:26     .text.NMI_Handler:00000000 NMI_Handler
     /tmp/ccZprKzm.s:43     .text.HardFault_Handler:00000000 $t
     /tmp/ccZprKzm.s:49     .text.HardFault_Handler:00000000 HardFault_Handler
     /tmp/ccZprKzm.s:66     .text.MemManage_Handler:00000000 $t
     /tmp/ccZprKzm.s:72     .text.MemManage_Handler:00000000 MemManage_Handler
     /tmp/ccZprKzm.s:89     .text.BusFault_Handler:00000000 $t
     /tmp/ccZprKzm.s:95     .text.BusFault_Handler:00000000 BusFault_Handler
     /tmp/ccZprKzm.s:112    .text.UsageFault_Handler:00000000 $t
     /tmp/ccZprKzm.s:118    .text.UsageFault_Handler:00000000 UsageFault_Handler
     /tmp/ccZprKzm.s:135    .text.SVC_Handler:00000000 $t
     /tmp/ccZprKzm.s:141    .text.SVC_Handler:00000000 SVC_Handler
     /tmp/ccZprKzm.s:154    .text.DebugMon_Handler:00000000 $t
     /tmp/ccZprKzm.s:160    .text.DebugMon_Handler:00000000 DebugMon_Handler
     /tmp/ccZprKzm.s:173    .text.PendSV_Handler:00000000 $t
     /tmp/ccZprKzm.s:179    .text.PendSV_Handler:00000000 PendSV_Handler
     /tmp/ccZprKzm.s:192    .text.SysTick_Handler:00000000 $t
     /tmp/ccZprKzm.s:198    .text.SysTick_Handler:00000000 SysTick_Handler
     /tmp/ccZprKzm.s:218    .text.I2C1_EV_IRQHandler:00000000 $t
     /tmp/ccZprKzm.s:224    .text.I2C1_EV_IRQHandler:00000000 I2C1_EV_IRQHandler
     /tmp/ccZprKzm.s:244    .text.I2C1_EV_IRQHandler:0000000c $d
     /tmp/ccZprKzm.s:249    .text.I2C1_ER_IRQHandler:00000000 $t
     /tmp/ccZprKzm.s:255    .text.I2C1_ER_IRQHandler:00000000 I2C1_ER_IRQHandler
     /tmp/ccZprKzm.s:275    .text.I2C1_ER_IRQHandler:0000000c $d
     /tmp/ccZprKzm.s:280    .text.DMA2_Stream1_IRQHandler:00000000 $t
     /tmp/ccZprKzm.s:286    .text.DMA2_Stream1_IRQHandler:00000000 DMA2_Stream1_IRQHandler
     /tmp/ccZprKzm.s:306    .text.DMA2_Stream1_IRQHandler:0000000c $d
     /tmp/ccZprKzm.s:311    .text.DCMI_IRQHandler:00000000 $t
     /tmp/ccZprKzm.s:317    .text.DCMI_IRQHandler:00000000 DCMI_IRQHandler
     /tmp/ccZprKzm.s:337    .text.DCMI_IRQHandler:0000000c $d

UNDEFINED SYMBOLS
HAL_IncTick
HAL_I2C_EV_IRQHandler
hi2c1
HAL_I2C_ER_IRQHandler
HAL_DMA_IRQHandler
hdma_dcmi
HAL_DCMI_IRQHandler
hdcmi
